Archive member included to satisfy reference by file (symbol)

C:/ST/STM32CubeIDE_1.18.0/STM32CubeIDE/plugins/com.st.stm32cube.ide.mcu.externaltools.gnu-tools-for-stm32.13.3.rel1.win32_1.0.0.202411081344/tools/bin/../lib/gcc/arm-none-eabi/13.3.1/../../../../arm-none-eabi/lib/thumb/v7-m/nofp\libc_nano.a(libc_a-exit.o)
                              C:/ST/STM32CubeIDE_1.18.0/STM32CubeIDE/plugins/com.st.stm32cube.ide.mcu.externaltools.gnu-tools-for-stm32.13.3.rel1.win32_1.0.0.202411081344/tools/bin/../lib/gcc/arm-none-eabi/13.3.1/../../../../arm-none-eabi/lib/thumb/v7-m/nofp/crt0.o (exit)
C:/ST/STM32CubeIDE_1.18.0/STM32CubeIDE/plugins/com.st.stm32cube.ide.mcu.externaltools.gnu-tools-for-stm32.13.3.rel1.win32_1.0.0.202411081344/tools/bin/../lib/gcc/arm-none-eabi/13.3.1/../../../../arm-none-eabi/lib/thumb/v7-m/nofp\libc_nano.a(libc_a-findfp.o)
                              ./Middlewares/Third_Party/FreeRTOS/Source/tasks.o (__sf)
C:/ST/STM32CubeIDE_1.18.0/STM32CubeIDE/plugins/com.st.stm32cube.ide.mcu.externaltools.gnu-tools-for-stm32.13.3.rel1.win32_1.0.0.202411081344/tools/bin/../lib/gcc/arm-none-eabi/13.3.1/../../../../arm-none-eabi/lib/thumb/v7-m/nofp\libc_nano.a(libc_a-fwalk.o)
                              C:/ST/STM32CubeIDE_1.18.0/STM32CubeIDE/plugins/com.st.stm32cube.ide.mcu.externaltools.gnu-tools-for-stm32.13.3.rel1.win32_1.0.0.202411081344/tools/bin/../lib/gcc/arm-none-eabi/13.3.1/../../../../arm-none-eabi/lib/thumb/v7-m/nofp\libc_nano.a(libc_a-findfp.o) (_fwalk_sglue)
C:/ST/STM32CubeIDE_1.18.0/STM32CubeIDE/plugins/com.st.stm32cube.ide.mcu.externaltools.gnu-tools-for-stm32.13.3.rel1.win32_1.0.0.202411081344/tools/bin/../lib/gcc/arm-none-eabi/13.3.1/../../../../arm-none-eabi/lib/thumb/v7-m/nofp\libc_nano.a(libc_a-stdio.o)
                              C:/ST/STM32CubeIDE_1.18.0/STM32CubeIDE/plugins/com.st.stm32cube.ide.mcu.externaltools.gnu-tools-for-stm32.13.3.rel1.win32_1.0.0.202411081344/tools/bin/../lib/gcc/arm-none-eabi/13.3.1/../../../../arm-none-eabi/lib/thumb/v7-m/nofp\libc_nano.a(libc_a-findfp.o) (__sread)
C:/ST/STM32CubeIDE_1.18.0/STM32CubeIDE/plugins/com.st.stm32cube.ide.mcu.externaltools.gnu-tools-for-stm32.13.3.rel1.win32_1.0.0.202411081344/tools/bin/../lib/gcc/arm-none-eabi/13.3.1/../../../../arm-none-eabi/lib/thumb/v7-m/nofp\libc_nano.a(libc_a-memset.o)
                              C:/ST/STM32CubeIDE_1.18.0/STM32CubeIDE/plugins/com.st.stm32cube.ide.mcu.externaltools.gnu-tools-for-stm32.13.3.rel1.win32_1.0.0.202411081344/tools/bin/../lib/gcc/arm-none-eabi/13.3.1/../../../../arm-none-eabi/lib/thumb/v7-m/nofp/crt0.o (memset)
C:/ST/STM32CubeIDE_1.18.0/STM32CubeIDE/plugins/com.st.stm32cube.ide.mcu.externaltools.gnu-tools-for-stm32.13.3.rel1.win32_1.0.0.202411081344/tools/bin/../lib/gcc/arm-none-eabi/13.3.1/../../../../arm-none-eabi/lib/thumb/v7-m/nofp\libc_nano.a(libc_a-closer.o)
                              C:/ST/STM32CubeIDE_1.18.0/STM32CubeIDE/plugins/com.st.stm32cube.ide.mcu.externaltools.gnu-tools-for-stm32.13.3.rel1.win32_1.0.0.202411081344/tools/bin/../lib/gcc/arm-none-eabi/13.3.1/../../../../arm-none-eabi/lib/thumb/v7-m/nofp\libc_nano.a(libc_a-stdio.o) (_close_r)
C:/ST/STM32CubeIDE_1.18.0/STM32CubeIDE/plugins/com.st.stm32cube.ide.mcu.externaltools.gnu-tools-for-stm32.13.3.rel1.win32_1.0.0.202411081344/tools/bin/../lib/gcc/arm-none-eabi/13.3.1/../../../../arm-none-eabi/lib/thumb/v7-m/nofp\libc_nano.a(libc_a-reent.o)
                              ./Middlewares/Third_Party/FreeRTOS/Source/tasks.o (_reclaim_reent)
C:/ST/STM32CubeIDE_1.18.0/STM32CubeIDE/plugins/com.st.stm32cube.ide.mcu.externaltools.gnu-tools-for-stm32.13.3.rel1.win32_1.0.0.202411081344/tools/bin/../lib/gcc/arm-none-eabi/13.3.1/../../../../arm-none-eabi/lib/thumb/v7-m/nofp\libc_nano.a(libc_a-impure.o)
                              ./Middlewares/Third_Party/FreeRTOS/Source/tasks.o (_impure_ptr)
C:/ST/STM32CubeIDE_1.18.0/STM32CubeIDE/plugins/com.st.stm32cube.ide.mcu.externaltools.gnu-tools-for-stm32.13.3.rel1.win32_1.0.0.202411081344/tools/bin/../lib/gcc/arm-none-eabi/13.3.1/../../../../arm-none-eabi/lib/thumb/v7-m/nofp\libc_nano.a(libc_a-lseekr.o)
                              C:/ST/STM32CubeIDE_1.18.0/STM32CubeIDE/plugins/com.st.stm32cube.ide.mcu.externaltools.gnu-tools-for-stm32.13.3.rel1.win32_1.0.0.202411081344/tools/bin/../lib/gcc/arm-none-eabi/13.3.1/../../../../arm-none-eabi/lib/thumb/v7-m/nofp\libc_nano.a(libc_a-stdio.o) (_lseek_r)
C:/ST/STM32CubeIDE_1.18.0/STM32CubeIDE/plugins/com.st.stm32cube.ide.mcu.externaltools.gnu-tools-for-stm32.13.3.rel1.win32_1.0.0.202411081344/tools/bin/../lib/gcc/arm-none-eabi/13.3.1/../../../../arm-none-eabi/lib/thumb/v7-m/nofp\libc_nano.a(libc_a-readr.o)
                              C:/ST/STM32CubeIDE_1.18.0/STM32CubeIDE/plugins/com.st.stm32cube.ide.mcu.externaltools.gnu-tools-for-stm32.13.3.rel1.win32_1.0.0.202411081344/tools/bin/../lib/gcc/arm-none-eabi/13.3.1/../../../../arm-none-eabi/lib/thumb/v7-m/nofp\libc_nano.a(libc_a-stdio.o) (_read_r)
[...]
Memory Configuration

Name             Origin             Length             Attributes
RAM              0x20000000         0x00005000         xrw
FLASH            0x08000000         0x00010000         xr
*default*        0x00000000         0xffffffff

Linker script and memory map

LOAD C:/ST/STM32CubeIDE_1.18.0/STM32CubeIDE/plugins/com.st.stm32cube.ide.mcu.externaltools.gnu-tools-for-stm32.13.3.rel1.win32_1.0.0.202411081344/tools/bin/../lib/gcc/arm-none-eabi/13.3.1/thumb/v7-m/nofp/crti.o
LOAD C:/ST/STM32CubeIDE_1.18.0/STM32CubeIDE/plugins/com.st.stm32cube.ide.mcu.externaltools.gnu-tools-for-stm32.13.3.rel1.win32_1.0.0.202411081344/tools/bin/../lib/gcc/arm-none-eabi/13.3.1/thumb/v7-m/nofp/crtbegin.o
LOAD C:/ST/STM32CubeIDE_1.18.0/STM32CubeIDE/plugins/com.st.stm32cube.ide.mcu.externaltools.gnu-tools-for-stm32.13.3.rel1.win32_1.0.0.202411081344/tools/bin/../lib/gcc/arm-none-eabi/13.3.1/../../../../arm-none-eabi/lib/thumb/v7-m/nofp/crt0.o
LOAD ./Core/Src/NRF24.o
LOAD ./Core/Src/adc.o
LOAD ./Core/Src/freertos.o
LOAD ./Core/Src/gpio.o
LOAD ./Core/Src/main.o
LOAD ./Core/Src/nrf24l01p.o
LOAD ./Core/Src/spi.o
LOAD ./Core/Src/stm32f1xx_hal_msp.o
LOAD ./Core/Src/stm32f1xx_hal_timebase_tim.o
LOAD ./Core/Src/stm32f1xx_it.o
LOAD ./Core/Src/syscalls.o
LOAD ./Core/Src/sysmem.o
LOAD ./Core/Src/system_stm32f1xx.o
LOAD ./Core/Src/tim.o
LOAD ./Core/Src/usart.o
LOAD ./Core/Startup/startup_stm32f103c8tx.o
LOAD ./Drivers/STM32F1xx_HAL_Driver/Src/stm32f1xx_hal.o
LOAD ./Drivers/STM32F1xx_HAL_Driver/Src/stm32f1xx_hal_adc.o
LOAD ./Drivers/STM32F1xx_HAL_Driver/Src/stm32f1xx_hal_adc_ex.o
LOAD ./Drivers/STM32F1xx_HAL_Driver/Src/stm32f1xx_hal_cortex.o
LOAD ./Drivers/STM32F1xx_HAL_Driver/Src/stm32f1xx_hal_dma.o
LOAD ./Drivers/STM32F1xx_HAL_Driver/Src/stm32f1xx_hal_exti.o
LOAD ./Drivers/STM32F1xx_HAL_Driver/Src/stm32f1xx_hal_flash.o
LOAD ./Drivers/STM32F1xx_HAL_Driver/Src/stm32f1xx_hal_flash_ex.o
LOAD ./Drivers/STM32F1xx_HAL_Driver/Src/stm32f1xx_hal_gpio.o
LOAD ./Drivers/STM32F1xx_HAL_Driver/Src/stm32f1xx_hal_gpio_ex.o
LOAD ./Drivers/STM32F1xx_HAL_Driver/Src/stm32f1xx_hal_pwr.o
LOAD ./Drivers/STM32F1xx_HAL_Driver/Src/stm32f1xx_hal_rcc.o
LOAD ./Drivers/STM32F1xx_HAL_Driver/Src/stm32f1xx_hal_rcc_ex.o
LOAD ./Drivers/STM32F1xx_HAL_Driver/Src/stm32f1xx_hal_spi.o
LOAD ./Drivers/STM32F1xx_HAL_Driver/Src/stm32f1xx_hal_tim.o
LOAD ./Drivers/STM32F1xx_HAL_Driver/Src/stm32f1xx_hal_tim_ex.o
LOAD ./Drivers/STM32F1xx_HAL_Driver/Src/stm32f1xx_hal_uart.o
LOAD ./Middlewares/Third_Party/FreeRTOS/Source/CMSIS_RTOS_V2/cmsis_os2.o
LOAD ./Middlewares/Third_Party/FreeRTOS/Source/croutine.o
LOAD ./Middlewares/Third_Party/FreeRTOS/Source/event_groups.o
LOAD ./Middlewares/Third_Party/FreeRTOS/Source/list.o
LOAD ./Middlewares/Third_Party/FreeRTOS/Source/queue.o
LOAD ./Middlewares/Third_Party/FreeRTOS/Source/stream_buffer.o
LOAD ./Middlewares/Third_Party/FreeRTOS/Source/tasks.o
LOAD ./Middlewares/Third_Party/FreeRTOS/Source/timers.o
LOAD ./Middlewares/Third_Party/FreeRTOS/Source/portable/GCC/ARM_CM3/port.o
LOAD ./Middlewares/Third_Party/FreeRTOS/Source/portable/MemMang/heap_4.o
START GROUP
LOAD C:/ST/STM32CubeIDE_1.18.0/STM32CubeIDE/plugins/com.st.stm32cube.ide.mcu.externaltools.gnu-tools-for-stm32.13.3.rel1.win32_1.0.0.202411081344/tools/bin/../lib/gcc/arm-none-eabi/13.3.1/../../../../arm-none-eabi/lib/thumb/v7-m/nofp\libc_nano.a
LOAD C:/ST/STM32CubeIDE_1.18.0/STM32CubeIDE/plugins/com.st.stm32cube.ide.mcu.externaltools.gnu-tools-for-stm32.13.3.rel1.win32_1.0.0.202411081344/tools/bin/../lib/gcc/arm-none-eabi/13.3.1/../../../../arm-none-eabi/lib/thumb/v7-m/nofp\libm.a
END GROUP
START GROUP
LOAD C:/ST/STM32CubeIDE_1.18.0/STM32CubeIDE/plugins/com.st.stm32cube.ide.mcu.externaltools.gnu-tools-for-stm32.13.3.rel1.win32_1.0.0.202411081344/tools/bin/../lib/gcc/arm-none-eabi/13.3.1/thumb/v7-m/nofp\libgcc.a
LOAD C:/ST/STM32CubeIDE_1.18.0/STM32CubeIDE/plugins/com.st.stm32cube.ide.mcu.externaltools.gnu-tools-for-stm32.13.3.rel1.win32_1.0.0.202411081344/tools/bin/../lib/gcc/arm-none-eabi/13.3.1/../../../../arm-none-eabi/lib/thumb/v7-m/nofp\libc_nano.a
END GROUP
START GROUP
LOAD C:/ST/STM32CubeIDE_1.18.0/STM32CubeIDE/plugins/com.st.stm32cube.ide.mcu.externaltools.gnu-tools-for-stm32.13.3.rel1.win32_1.0.0.202411081344/tools/bin/../lib/gcc/arm-none-eabi/13.3.1/thumb/v7-m/nofp\libgcc.a
LOAD C:/ST/STM32CubeIDE_1.18.0/STM32CubeIDE/plugins/com.st.stm32cube.ide.mcu.externaltools.gnu-tools-for-stm32.13.3.rel1.win32_1.0.0.202411081344/tools/bin/../lib/gcc/arm-none-eabi/13.3.1/../../../../arm-none-eabi/lib/thumb/v7-m/nofp\libc_nano.a
LOAD C:/ST/STM32CubeIDE_1.18.0/STM32CubeIDE/plugins/com.st.stm32cube.ide.mcu.externaltools.gnu-tools-for-stm32.13.3.rel1.win32_1.0.0.202411081344/tools/bin/../lib/gcc/arm-none-eabi/13.3.1/../../../../arm-none-eabi/lib/thumb/v7-m/nofp\libnosys.a
END GROUP
START GROUP
LOAD C:/ST/STM32CubeIDE_1.18.0/STM32CubeIDE/plugins/com.st.stm32cube.ide.mcu.externaltools.gnu-tools-for-stm32.13.3.rel1.win32_1.0.0.202411081344/tools/bin/../lib/gcc/arm-none-eabi/13.3.1/thumb/v7-m/nofp\libgcc.a
LOAD C:/ST/STM32CubeIDE_1.18.0/STM32CubeIDE/plugins/com.st.stm32cube.ide.mcu.externaltools.gnu-tools-for-stm32.13.3.rel1.win32_1.0.0.202411081344/tools/bin/../lib/gcc/arm-none-eabi/13.3.1/../../../../arm-none-eabi/lib/thumb/v7-m/nofp\libc_nano.a
LOAD C:/ST/STM32CubeIDE_1.18.0/STM32CubeIDE/plugins/com.st.stm32cube.ide.mcu.externaltools.gnu-tools-for-stm32.13.3.rel1.win32_1.0.0.202411081344/tools/bin/../lib/gcc/arm-none-eabi/13.3.1/../../../../arm-none-eabi/lib/thumb/v7-m/nofp\libnosys.a
END GROUP
LOAD C:/ST/STM32CubeIDE_1.18.0/STM32CubeIDE/plugins/com.st.stm32cube.ide.mcu.externaltools.gnu-tools-for-stm32.13.3.rel1.win32_1.0.0.202411081344/tools/bin/../lib/gcc/arm-none-eabi/13.3.1/thumb/v7-m/nofp/crtend.o
LOAD C:/ST/STM32CubeIDE_1.18.0/STM32CubeIDE/plugins/com.st.stm32cube.ide.mcu.externaltools.gnu-tools-for-stm32.13.3.rel1.win32_1.0.0.202411081344/tools/bin/../lib/gcc/arm-none-eabi/13.3.1/thumb/v7-m/nofp/crtn.o
                0x20005000                        _estack = (ORIGIN (RAM) + LENGTH (RAM))
                0x00000200                        _Min_Heap_Size = 0x200
                0x00000400                        _Min_Stack_Size = 0x400

.isr_vector     0x08000000      0x10c
                0x08000000                        . = ALIGN (0x4)
 *(.isr_vector)
 .isr_vector    0x08000000      0x10c ./Core/Startup/startup_stm32f103c8tx.o
                0x08000000                g_pfnVectors
                0x0800010c                        . = ALIGN (0x4)

.text           0x08000110     0x8b5c
                0x08000110                        . = ALIGN (0x4)
 *(.text)
 .text          0x08000110       0x40 C:/ST/STM32CubeIDE_1.18.0/STM32CubeIDE/plugins/com.st.stm32cube.ide.mcu.externaltools.gnu-tools-for-stm32.13.3.rel1.win32_1.0.0.202411081344/tools/bin/../lib/gcc/arm-none-eabi/13.3.1/thumb/v7-m/nofp/crtbegin.o
 *(.text*)
 .text.MX_ADC1_Init
                0x08000150       0x7c ./Core/Src/adc.o
                0x08000150                MX_ADC1_Init
 .text.HAL_ADC_MspInit
                0x080001cc       0x78 ./Core/Src/adc.o
                0x080001cc                HAL_ADC_MspInit
 .text.MX_FREERTOS_Init
                0x08000244       0x24 ./Core/Src/freertos.o
                0x08000244                MX_FREERTOS_Init
 .text.StartDefaultTask
                0x08000268       0x10 ./Core/Src/freertos.o
                0x08000268                StartDefaultTask
 .text.MX_GPIO_Init
                0x08000278      0x150 ./Core/Src/gpio.o
                0x08000278                MX_GPIO_Init
 .text.main     0x080003c8      0x150 ./Core/Src/main.o
                0x080003c8                main
 .text.SystemClock_Config
                0x08000518       0xb6 ./Core/Src/main.o
                0x08000518                SystemClock_Config
 *fill*         0x080005ce        0x2 
 .text.ControlTask
                0x080005d0      0x318 ./Core/Src/main.o
                0x080005d0                ControlTask
 .text.ButtonTask
                0x080008e8       0x8c ./Core/Src/main.o
                0x080008e8                ButtonTask
 .text.StatusTask
                0x08000974       0x50 ./Core/Src/main.o
                0x08000974                StatusTask
 .text.HAL_GPIO_EXTI_Callback
                0x080009c4       0x70 ./Core/Src/main.o
                0x080009c4                HAL_GPIO_EXTI_Callback
 .text.HAL_UART_RxCpltCallback
                0x08000a34       0xa8 ./Core/Src/main.o
                0x08000a34                HAL_UART_RxCpltCallback
 .text.driveMotor
                0x08000adc       0xea ./Core/Src/main.o
                0x08000adc                driveMotor
 *fill*         0x08000bc6        0x2 
 .text.SG90_SetAngle
                0x08000bc8       0x44 ./Core/Src/main.o
                0x08000bc8                SG90_SetAngle
 .text.LED_Front
                0x08000c0c       0x30 ./Core/Src/main.o
                0x08000c0c                LED_Front
 .text.LED_Brake
                0x08000c3c       0x30 ./Core/Src/main.o
                0x08000c3c                LED_Brake
 .text.LED_Signal
                0x08000c6c       0x30 ./Core/Src/main.o
                0x08000c6c                LED_Signal
 .text.Button_IsPressed
                0x08000c9c       0x20 ./Core/Src/main.o
                0x08000c9c                Button_IsPressed
 .text.HAL_TIM_PeriodElapsedCallback
                0x08000cbc       0x24 ./Core/Src/main.o
                0x08000cbc                HAL_TIM_PeriodElapsedCallback
 .text.Error_Handler
                0x08000ce0        0xc ./Core/Src/main.o
                0x08000ce0                Error_Handler
 .text.cs_high  0x08000cec       0x18 ./Core/Src/nrf24l01p.o
 .text.cs_low   0x08000d04       0x18 ./Core/Src/nrf24l01p.o
 .text.ce_low   0x08000d1c        0xc ./Core/Src/nrf24l01p.o
 .text.read_register
                0x08000d28       0x4c ./Core/Src/nrf24l01p.o
 .text.write_register
                0x08000d74       0x5c ./Core/Src/nrf24l01p.o
 .text.nrf24l01p_rx_init
                0x08000dd0       0x58 ./Core/Src/nrf24l01p.o
                0x08000dd0                nrf24l01p_rx_init
 .text.nrf24l01p_rx_receive
                0x08000e28       0x1a ./Core/Src/nrf24l01p.o
                0x08000e28                nrf24l01p_rx_receive
 .text.nrf24l01p_reset
                0x08000e42       0xa8 ./Core/Src/nrf24l01p.o
                0x08000e42                nrf24l01p_reset
 .text.nrf24l01p_prx_mode
                0x08000eea       0x2a ./Core/Src/nrf24l01p.o
                0x08000eea                nrf24l01p_prx_mode
 .text.nrf24l01p_read_rx_fifo
                0x08000f14       0x48 ./Core/Src/nrf24l01p.o
                0x08000f14                nrf24l01p_read_rx_fifo
 .text.nrf24l01p_flush_rx_fifo
                0x08000f5c       0x30 ./Core/Src/nrf24l01p.o
                0x08000f5c                nrf24l01p_flush_rx_fifo
 .text.nrf24l01p_flush_tx_fifo
                0x08000f8c       0x30 ./Core/Src/nrf24l01p.o
                0x08000f8c                nrf24l01p_flush_tx_fifo
 .text.nrf24l01p_get_status
                0x08000fbc       0x34 ./Core/Src/nrf24l01p.o
                0x08000fbc                nrf24l01p_get_status
 .text.nrf24l01p_rx_set_payload_widths
                0x08000ff0       0x1c ./Core/Src/nrf24l01p.o
                0x08000ff0                nrf24l01p_rx_set_payload_widths
 .text.nrf24l01p_clear_rx_dr
                0x0800100c       0x28 ./Core/Src/nrf24l01p.o
                0x0800100c                nrf24l01p_clear_rx_dr
 .text.nrf24l01p_power_up
                0x08001034       0x2a ./Core/Src/nrf24l01p.o
                0x08001034                nrf24l01p_power_up
 .text.nrf24l01p_set_crc_length
                0x0800105e       0x46 ./Core/Src/nrf24l01p.o
                0x0800105e                nrf24l01p_set_crc_length
 .text.nrf24l01p_set_address_widths
                0x080010a4       0x20 ./Core/Src/nrf24l01p.o
                0x080010a4                nrf24l01p_set_address_widths
 .text.nrf24l01p_auto_retransmit_count
                0x080010c4       0x36 ./Core/Src/nrf24l01p.o
                0x080010c4                nrf24l01p_auto_retransmit_count
 *fill*         0x080010fa        0x2 
 .text.nrf24l01p_auto_retransmit_delay
                0x080010fc       0x50 ./Core/Src/nrf24l01p.o
                0x080010fc                nrf24l01p_auto_retransmit_delay
 .text.nrf24l01p_set_rf_channel
                0x0800114c       0x26 ./Core/Src/nrf24l01p.o
                0x0800114c                nrf24l01p_set_rf_channel
 .text.nrf24l01p_set_rf_tx_output_power
                0x08001172       0x3c ./Core/Src/nrf24l01p.o
                0x08001172                nrf24l01p_set_rf_tx_output_power
 .text.nrf24l01p_set_rf_air_data_rate
                0x080011ae       0x52 ./Core/Src/nrf24l01p.o
                0x080011ae                nrf24l01p_set_rf_air_data_rate
 .text.MX_SPI1_Init
                0x08001200       0x6c ./Core/Src/spi.o
                0x08001200                MX_SPI1_Init
 .text.HAL_SPI_MspInit
                0x0800126c       0x94 ./Core/Src/spi.o
                0x0800126c                HAL_SPI_MspInit
 .text.HAL_MspInit
                0x08001300       0x70 ./Core/Src/stm32f1xx_hal_msp.o
                0x08001300                HAL_MspInit
 .text.HAL_InitTick
                0x08001370       0xfc ./Core/Src/stm32f1xx_hal_timebase_tim.o
                0x08001370                HAL_InitTick
 .text.NMI_Handler
                0x0800146c        0x8 ./Core/Src/stm32f1xx_it.o
                0x0800146c                NMI_Handler
 .text.HardFault_Handler
                0x08001474        0x8 ./Core/Src/stm32f1xx_it.o
                0x08001474                HardFault_Handler
 .text.MemManage_Handler
                0x0800147c        0x8 ./Core/Src/stm32f1xx_it.o
                0x0800147c                MemManage_Handler
 .text.BusFault_Handler
                0x08001484        0x8 ./Core/Src/stm32f1xx_it.o
                0x08001484                BusFault_Handler
 .text.UsageFault_Handler
                0x0800148c        0x8 ./Core/Src/stm32f1xx_it.o
                0x0800148c                UsageFault_Handler
 .text.DebugMon_Handler
                0x08001494        0xc ./Core/Src/stm32f1xx_it.o
                0x08001494                DebugMon_Handler
 .text.EXTI0_IRQHandler
                0x080014a0        0xe ./Core/Src/stm32f1xx_it.o
                0x080014a0                EXTI0_IRQHandler
 *fill*         0x080014ae        0x2 
 .text.TIM3_IRQHandler
                0x080014b0       0x14 ./Core/Src/stm32f1xx_it.o
                0x080014b0                TIM3_IRQHandler
 .text.USART1_IRQHandler
                0x080014c4       0x14 ./Core/Src/stm32f1xx_it.o
                0x080014c4                USART1_IRQHandler
 .text.SystemInit
                0x080014d8        0xc ./Core/Src/system_stm32f1xx.o
                0x080014d8                SystemInit
 .text.MX_TIM1_Init
                0x080014e4       0xfc ./Core/Src/tim.o
                0x080014e4                MX_TIM1_Init
 .text.MX_TIM2_Init
                0x080015e0       0xf0 ./Core/Src/tim.o
                0x080015e0                MX_TIM2_Init
 .text.MX_TIM4_Init
                0x080016d0       0xb4 ./Core/Src/tim.o
                0x080016d0                MX_TIM4_Init
 .text.HAL_TIM_Base_MspInit
                0x08001784       0x80 ./Core/Src/tim.o
                0x08001784                HAL_TIM_Base_MspInit
 .text.HAL_TIM_PWM_MspInit
                0x08001804       0x60 ./Core/Src/tim.o
                0x08001804                HAL_TIM_PWM_MspInit
 .text.HAL_TIM_MspPostInit
                0x08001864      0x100 ./Core/Src/tim.o
                0x08001864                HAL_TIM_MspPostInit
 .text.MX_USART1_UART_Init
                0x08001964       0x54 ./Core/Src/usart.o
                0x08001964                MX_USART1_UART_Init
 .text.HAL_UART_MspInit
                0x080019b8       0xc4 ./Core/Src/usart.o
                0x080019b8                HAL_UART_MspInit
 .text.Reset_Handler
                0x08001a7c       0x48 ./Core/Startup/startup_stm32f103c8tx.o
                0x08001a7c                Reset_Handler
 .text.Default_Handler
                0x08001ac4        0x2 ./Core/Startup/startup_stm32f103c8tx.o
                0x08001ac4                RTC_Alarm_IRQHandler
                0x08001ac4                EXTI2_IRQHandler
                0x08001ac4                TIM1_CC_IRQHandler
                0x08001ac4                PVD_IRQHandler
                0x08001ac4                EXTI3_IRQHandler
                0x08001ac4                I2C2_EV_IRQHandler
                0x08001ac4                ADC1_2_IRQHandler
                0x08001ac4                SPI1_IRQHandler
                0x08001ac4                TAMPER_IRQHandler
                0x08001ac4                DMA1_Channel4_IRQHandler
                0x08001ac4                USART3_IRQHandler
                0x08001ac4                RTC_IRQHandler
                0x08001ac4                DMA1_Channel7_IRQHandler
                0x08001ac4                CAN1_RX1_IRQHandler
                0x08001ac4                TIM4_IRQHandler
                0x08001ac4                I2C1_EV_IRQHandler
                0x08001ac4                DMA1_Channel6_IRQHandler
                0x08001ac4                RCC_IRQHandler
                0x08001ac4                TIM1_TRG_COM_IRQHandler
                0x08001ac4                DMA1_Channel1_IRQHandler
                0x08001ac4                Default_Handler
                0x08001ac4                EXTI15_10_IRQHandler
                0x08001ac4                EXTI9_5_IRQHandler
                0x08001ac4                SPI2_IRQHandler
                0x08001ac4                DMA1_Channel5_IRQHandler
                0x08001ac4                EXTI4_IRQHandler
                0x08001ac4                USB_LP_CAN1_RX0_IRQHandler
                0x08001ac4                USB_HP_CAN1_TX_IRQHandler
                0x08001ac4                DMA1_Channel3_IRQHandler
                0x08001ac4                TIM1_UP_IRQHandler
                0x08001ac4                WWDG_IRQHandler
                0x08001ac4                TIM2_IRQHandler
                0x08001ac4                TIM1_BRK_IRQHandler
                0x08001ac4                EXTI1_IRQHandler
                0x08001ac4                USART2_IRQHandler
                0x08001ac4                I2C2_ER_IRQHandler
                0x08001ac4                DMA1_Channel2_IRQHandler
                0x08001ac4                CAN1_SCE_IRQHandler
                0x08001ac4                FLASH_IRQHandler
                0x08001ac4                I2C1_ER_IRQHandler
                0x08001ac4                USBWakeUp_IRQHandler
 *fill*         0x08001ac6        0x2 
 .text.HAL_Init
                0x08001ac8       0x2c ./Drivers/STM32F1xx_HAL_Driver/Src/stm32f1xx_hal.o
                0x08001ac8                HAL_Init
 .text.HAL_IncTick
                0x08001af4       0x24 ./Drivers/STM32F1xx_HAL_Driver/Src/stm32f1xx_hal.o
                0x08001af4                HAL_IncTick
 .text.HAL_GetTick
                0x08001b18       0x14 ./Drivers/STM32F1xx_HAL_Driver/Src/stm32f1xx_hal.o
                0x08001b18                HAL_GetTick
 .text.HAL_ADC_Init
                0x08001b2c      0x1b0 ./Drivers/STM32F1xx_HAL_Driver/Src/stm32f1xx_hal_adc.o
                0x08001b2c                HAL_ADC_Init
 .text.HAL_ADC_ConfigChannel
                0x08001cdc      0x1f0 ./Drivers/STM32F1xx_HAL_Driver/Src/stm32f1xx_hal_adc.o
                0x08001cdc                HAL_ADC_ConfigChannel
 .text.ADC_ConversionStop_Disable
                0x08001ecc       0x82 ./Drivers/STM32F1xx_HAL_Driver/Src/stm32f1xx_hal_adc.o
                0x08001ecc                ADC_ConversionStop_Disable
 *fill*         0x08001f4e        0x2 
 .text.__NVIC_SetPriorityGrouping
                0x08001f50       0x48 ./Drivers/STM32F1xx_HAL_Driver/Src/stm32f1xx_hal_cortex.o
 .text.__NVIC_GetPriorityGrouping
                0x08001f98       0x1c ./Drivers/STM32F1xx_HAL_Driver/Src/stm32f1xx_hal_cortex.o
 .text.__NVIC_EnableIRQ
                0x08001fb4       0x38 ./Drivers/STM32F1xx_HAL_Driver/Src/stm32f1xx_hal_cortex.o
 .text.__NVIC_DisableIRQ
                0x08001fec       0x48 ./Drivers/STM32F1xx_HAL_Driver/Src/stm32f1xx_hal_cortex.o
 .text.__NVIC_SetPriority
                0x08002034       0x54 ./Drivers/STM32F1xx_HAL_Driver/Src/stm32f1xx_hal_cortex.o
 .text.NVIC_EncodePriority
                0x08002088       0x64 ./Drivers/STM32F1xx_HAL_Driver/Src/stm32f1xx_hal_cortex.o
 .text.HAL_NVIC_SetPriorityGrouping
                0x080020ec       0x16 ./Drivers/STM32F1xx_HAL_Driver/Src/stm32f1xx_hal_cortex.o
                0x080020ec                HAL_NVIC_SetPriorityGrouping
 .text.HAL_NVIC_SetPriority
                0x08002102       0x38 ./Drivers/STM32F1xx_HAL_Driver/Src/stm32f1xx_hal_cortex.o
                0x08002102                HAL_NVIC_SetPriority
 .text.HAL_NVIC_EnableIRQ
                0x0800213a       0x1c ./Drivers/STM32F1xx_HAL_Driver/Src/stm32f1xx_hal_cortex.o
                0x0800213a                HAL_NVIC_EnableIRQ
 .text.HAL_NVIC_DisableIRQ
                0x08002156       0x1c ./Drivers/STM32F1xx_HAL_Driver/Src/stm32f1xx_hal_cortex.o
                0x08002156                HAL_NVIC_DisableIRQ
 .text.HAL_DMA_Abort
                0x08002172       0x76 ./Drivers/STM32F1xx_HAL_Driver/Src/stm32f1xx_hal_dma.o
                0x08002172                HAL_DMA_Abort
 .text.HAL_DMA_Abort_IT
                0x080021e8       0xf0 ./Drivers/STM32F1xx_HAL_Driver/Src/stm32f1xx_hal_dma.o
                0x080021e8                HAL_DMA_Abort_IT
 .text.HAL_GPIO_Init
                0x080022d8      0x308 ./Drivers/STM32F1xx_HAL_Driver/Src/stm32f1xx_hal_gpio.o
                0x080022d8                HAL_GPIO_Init
 .text.HAL_GPIO_ReadPin
                0x080025e0       0x2e ./Drivers/STM32F1xx_HAL_Driver/Src/stm32f1xx_hal_gpio.o
                0x080025e0                HAL_GPIO_ReadPin
 .text.HAL_GPIO_WritePin
                0x0800260e       0x30 ./Drivers/STM32F1xx_HAL_Driver/Src/stm32f1xx_hal_gpio.o
                0x0800260e                HAL_GPIO_WritePin
 *fill*         0x0800263e        0x2 
 .text.HAL_GPIO_EXTI_IRQHandler
                0x08002640       0x30 ./Drivers/STM32F1xx_HAL_Driver/Src/stm32f1xx_hal_gpio.o
                0x08002640                HAL_GPIO_EXTI_IRQHandler
 .text.HAL_RCC_OscConfig
                0x08002670      0x504 ./Drivers/STM32F1xx_HAL_Driver/Src/stm32f1xx_hal_rcc.o
                0x08002670                HAL_RCC_OscConfig
 .text.HAL_RCC_ClockConfig
                0x08002b74      0x1d4 ./Drivers/STM32F1xx_HAL_Driver/Src/stm32f1xx_hal_rcc.o
                0x08002b74                HAL_RCC_ClockConfig
 .text.HAL_RCC_GetSysClockFreq
                0x08002d48       0xa8 ./Drivers/STM32F1xx_HAL_Driver/Src/stm32f1xx_hal_rcc.o
                0x08002d48                HAL_RCC_GetSysClockFreq
 .text.HAL_RCC_GetHCLKFreq
                0x08002df0       0x14 ./Drivers/STM32F1xx_HAL_Driver/Src/stm32f1xx_hal_rcc.o
                0x08002df0                HAL_RCC_GetHCLKFreq
 .text.HAL_RCC_GetPCLK1Freq
                0x08002e04       0x28 ./Drivers/STM32F1xx_HAL_Driver/Src/stm32f1xx_hal_rcc.o
                0x08002e04                HAL_RCC_GetPCLK1Freq
 .text.HAL_RCC_GetPCLK2Freq
                0x08002e2c       0x28 ./Drivers/STM32F1xx_HAL_Driver/Src/stm32f1xx_hal_rcc.o
                0x08002e2c                HAL_RCC_GetPCLK2Freq
 .text.HAL_RCC_GetClockConfig
                0x08002e54       0x60 ./Drivers/STM32F1xx_HAL_Driver/Src/stm32f1xx_hal_rcc.o
                0x08002e54                HAL_RCC_GetClockConfig
 .text.RCC_Delay
                0x08002eb4       0x3c ./Drivers/STM32F1xx_HAL_Driver/Src/stm32f1xx_hal_rcc.o
 .text.HAL_RCCEx_PeriphCLKConfig
                0x08002ef0      0x16c ./Drivers/STM32F1xx_HAL_Driver/Src/stm32f1xx_hal_rcc_ex.o
                0x08002ef0                HAL_RCCEx_PeriphCLKConfig
 .text.HAL_SPI_Init
                0x0800305c      0x108 ./Drivers/STM32F1xx_HAL_Driver/Src/stm32f1xx_hal_spi.o
                0x0800305c                HAL_SPI_Init
 .text.HAL_SPI_Transmit
                0x08003164      0x288 ./Drivers/STM32F1xx_HAL_Driver/Src/stm32f1xx_hal_spi.o
                0x08003164                HAL_SPI_Transmit
 .text.HAL_SPI_Receive
                0x080033ec      0x232 ./Drivers/STM32F1xx_HAL_Driver/Src/stm32f1xx_hal_spi.o
                0x080033ec                HAL_SPI_Receive
 .text.HAL_SPI_TransmitReceive
                0x0800361e      0x352 ./Drivers/STM32F1xx_HAL_Driver/Src/stm32f1xx_hal_spi.o
                0x0800361e                HAL_SPI_TransmitReceive
 .text.SPI_WaitFlagStateUntilTimeout
                0x08003970      0x110 ./Drivers/STM32F1xx_HAL_Driver/Src/stm32f1xx_hal_spi.o
 .text.SPI_EndRxTransaction
                0x08003a80       0xa4 ./Drivers/STM32F1xx_HAL_Driver/Src/stm32f1xx_hal_spi.o
 .text.SPI_EndRxTxTransaction
                0x08003b24       0x62 ./Drivers/STM32F1xx_HAL_Driver/Src/stm32f1xx_hal_spi.o
 .text.HAL_TIM_Base_Init
                0x08003b86       0x9e ./Drivers/STM32F1xx_HAL_Driver/Src/stm32f1xx_hal_tim.o
                0x08003b86                HAL_TIM_Base_Init
 .text.HAL_TIM_Base_Start_IT
                0x08003c24       0xa4 ./Drivers/STM32F1xx_HAL_Driver/Src/stm32f1xx_hal_tim.o
                0x08003c24                HAL_TIM_Base_Start_IT
 .text.HAL_TIM_PWM_Init
                0x08003cc8       0x9e ./Drivers/STM32F1xx_HAL_Driver/Src/stm32f1xx_hal_tim.o
                0x08003cc8                HAL_TIM_PWM_Init
 *fill*         0x08003d66        0x2 
 .text.HAL_TIM_PWM_Start
                0x08003d68      0x144 ./Drivers/STM32F1xx_HAL_Driver/Src/stm32f1xx_hal_tim.o
                0x08003d68                HAL_TIM_PWM_Start
 .text.HAL_TIM_IC_Init
                0x08003eac       0x9e ./Drivers/STM32F1xx_HAL_Driver/Src/stm32f1xx_hal_tim.o
                0x08003eac                HAL_TIM_IC_Init
 .text.HAL_TIM_IC_MspInit
                0x08003f4a       0x12 ./Drivers/STM32F1xx_HAL_Driver/Src/stm32f1xx_hal_tim.o
                0x08003f4a                HAL_TIM_IC_MspInit
 .text.HAL_TIM_IRQHandler
                0x08003f5c      0x1e0 ./Drivers/STM32F1xx_HAL_Driver/Src/stm32f1xx_hal_tim.o
                0x08003f5c                HAL_TIM_IRQHandler
 .text.HAL_TIM_IC_ConfigChannel
                0x0800413c      0x138 ./Drivers/STM32F1xx_HAL_Driver/Src/stm32f1xx_hal_tim.o
                0x0800413c                HAL_TIM_IC_ConfigChannel
 .text.HAL_TIM_PWM_ConfigChannel
                0x08004274      0x184 ./Drivers/STM32F1xx_HAL_Driver/Src/stm32f1xx_hal_tim.o
                0x08004274                HAL_TIM_PWM_ConfigChannel
 .text.HAL_TIM_ConfigClockSource
                0x080043f8      0x18e ./Drivers/STM32F1xx_HAL_Driver/Src/stm32f1xx_hal_tim.o
                0x080043f8                HAL_TIM_ConfigClockSource
 .text.HAL_TIM_OC_DelayElapsedCallback
                0x08004586       0x12 ./Drivers/STM32F1xx_HAL_Driver/Src/stm32f1xx_hal_tim.o
                0x08004586                HAL_TIM_OC_DelayElapsedCallback
 .text.HAL_TIM_IC_CaptureCallback
                0x08004598       0x12 ./Drivers/STM32F1xx_HAL_Driver/Src/stm32f1xx_hal_tim.o
                0x08004598                HAL_TIM_IC_CaptureCallback
 .text.HAL_TIM_PWM_PulseFinishedCallback
                0x080045aa       0x12 ./Drivers/STM32F1xx_HAL_Driver/Src/stm32f1xx_hal_tim.o
                0x080045aa                HAL_TIM_PWM_PulseFinishedCallback
 .text.HAL_TIM_TriggerCallback
                0x080045bc       0x12 ./Drivers/STM32F1xx_HAL_Driver/Src/stm32f1xx_hal_tim.o
                0x080045bc                HAL_TIM_TriggerCallback
 *fill*         0x080045ce        0x2 
 .text.TIM_Base_SetConfig
                0x080045d0       0xdc ./Drivers/STM32F1xx_HAL_Driver/Src/stm32f1xx_hal_tim.o
                0x080045d0                TIM_Base_SetConfig
 .text.TIM_OC1_SetConfig
                0x080046ac       0xcc ./Drivers/STM32F1xx_HAL_Driver/Src/stm32f1xx_hal_tim.o
 .text.TIM_OC2_SetConfig
                0x08004778       0xd4 ./Drivers/STM32F1xx_HAL_Driver/Src/stm32f1xx_hal_tim.o
                0x08004778                TIM_OC2_SetConfig
 .text.TIM_OC3_SetConfig
                0x0800484c       0xd4 ./Drivers/STM32F1xx_HAL_Driver/Src/stm32f1xx_hal_tim.o
 .text.TIM_OC4_SetConfig
                0x08004920       0x9c ./Drivers/STM32F1xx_HAL_Driver/Src/stm32f1xx_hal_tim.o
 .text.TIM_TI1_SetConfig
                0x080049bc       0xb4 ./Drivers/STM32F1xx_HAL_Driver/Src/stm32f1xx_hal_tim.o
                0x080049bc                TIM_TI1_SetConfig
 .text.TIM_TI1_ConfigInputStage
                0x08004a70       0x5c ./Drivers/STM32F1xx_HAL_Driver/Src/stm32f1xx_hal_tim.o
 .text.TIM_TI2_SetConfig
                0x08004acc       0x78 ./Drivers/STM32F1xx_HAL_Driver/Src/stm32f1xx_hal_tim.o
 .text.TIM_TI2_ConfigInputStage
                0x08004b44       0x5e ./Drivers/STM32F1xx_HAL_Driver/Src/stm32f1xx_hal_tim.o
 .text.TIM_TI3_SetConfig
                0x08004ba2       0x76 ./Drivers/STM32F1xx_HAL_Driver/Src/stm32f1xx_hal_tim.o
 .text.TIM_TI4_SetConfig
                0x08004c18       0x78 ./Drivers/STM32F1xx_HAL_Driver/Src/stm32f1xx_hal_tim.o
 .text.TIM_ITRx_SetConfig
                0x08004c90       0x34 ./Drivers/STM32F1xx_HAL_Driver/Src/stm32f1xx_hal_tim.o
 .text.TIM_ETR_SetConfig
                0x08004cc4       0x3e ./Drivers/STM32F1xx_HAL_Driver/Src/stm32f1xx_hal_tim.o
                0x08004cc4                TIM_ETR_SetConfig
 .text.TIM_CCxChannelCmd
                0x08004d02       0x48 ./Drivers/STM32F1xx_HAL_Driver/Src/stm32f1xx_hal_tim.o
                0x08004d02                TIM_CCxChannelCmd
 *fill*         0x08004d4a        0x2 
 .text.HAL_TIMEx_MasterConfigSynchronization
                0x08004d4c       0xbc ./Drivers/STM32F1xx_HAL_Driver/Src/stm32f1xx_hal_tim_ex.o
                0x08004d4c                HAL_TIMEx_MasterConfigSynchronization
 .text.HAL_TIMEx_CommutCallback
                0x08004e08       0x12 ./Drivers/STM32F1xx_HAL_Driver/Src/stm32f1xx_hal_tim_ex.o
                0x08004e08                HAL_TIMEx_CommutCallback
 .text.HAL_TIMEx_BreakCallback
                0x08004e1a       0x12 ./Drivers/STM32F1xx_HAL_Driver/Src/stm32f1xx_hal_tim_ex.o
                0x08004e1a                HAL_TIMEx_BreakCallback
 .text.HAL_UART_Init
                0x08004e2c       0xa0 ./Drivers/STM32F1xx_HAL_Driver/Src/stm32f1xx_hal_uart.o
                0x08004e2c                HAL_UART_Init
 .text.HAL_UART_Receive_IT
                0x08004ecc       0x4a ./Drivers/STM32F1xx_HAL_Driver/Src/stm32f1xx_hal_uart.o
                0x08004ecc                HAL_UART_Receive_IT
 *fill*         0x08004f16        0x2 
 .text.HAL_UART_AbortReceive_IT
                0x08004f18      0x164 ./Drivers/STM32F1xx_HAL_Driver/Src/stm32f1xx_hal_uart.o
                0x08004f18                HAL_UART_AbortReceive_IT
 .text.HAL_UART_IRQHandler
                0x0800507c      0x524 ./Drivers/STM32F1xx_HAL_Driver/Src/stm32f1xx_hal_uart.o
                0x0800507c                HAL_UART_IRQHandler
 .text.HAL_UART_TxCpltCallback
                0x080055a0       0x12 ./Drivers/STM32F1xx_HAL_Driver/Src/stm32f1xx_hal_uart.o
                0x080055a0                HAL_UART_TxCpltCallback
 .text.HAL_UART_ErrorCallback
                0x080055b2       0x12 ./Drivers/STM32F1xx_HAL_Driver/Src/stm32f1xx_hal_uart.o
                0x080055b2                HAL_UART_ErrorCallback
 .text.HAL_UART_AbortReceiveCpltCallback
                0x080055c4       0x12 ./Drivers/STM32F1xx_HAL_Driver/Src/stm32f1xx_hal_uart.o
                0x080055c4                HAL_UART_AbortReceiveCpltCallback
 .text.HAL_UARTEx_RxEventCallback
                0x080055d6       0x16 ./Drivers/STM32F1xx_HAL_Driver/Src/stm32f1xx_hal_uart.o
                0x080055d6                HAL_UARTEx_RxEventCallback
 .text.UART_Start_Receive_IT
                0x080055ec       0x72 ./Drivers/STM32F1xx_HAL_Driver/Src/stm32f1xx_hal_uart.o
                0x080055ec                UART_Start_Receive_IT
 .text.UART_EndRxTransfer
                0x0800565e       0xc4 ./Drivers/STM32F1xx_HAL_Driver/Src/stm32f1xx_hal_uart.o
 .text.UART_DMAAbortOnError
                0x08005722       0x28 ./Drivers/STM32F1xx_HAL_Driver/Src/stm32f1xx_hal_uart.o
 .text.UART_DMARxOnlyAbortCallback
                0x0800574a       0x30 ./Drivers/STM32F1xx_HAL_Driver/Src/stm32f1xx_hal_uart.o
 .text.UART_Transmit_IT
                0x0800577a       0x9e ./Drivers/STM32F1xx_HAL_Driver/Src/stm32f1xx_hal_uart.o
 .text.UART_EndTransmit_IT
                0x08005818       0x30 ./Drivers/STM32F1xx_HAL_Driver/Src/stm32f1xx_hal_uart.o
 .text.UART_Receive_IT
                0x08005848      0x17c ./Drivers/STM32F1xx_HAL_Driver/Src/stm32f1xx_hal_uart.o
 .text.UART_SetConfig
                0x080059c4      0x11c ./Drivers/STM32F1xx_HAL_Driver/Src/stm32f1xx_hal_uart.o
 .text.__NVIC_SetPriority
                0x08005ae0       0x54 ./Middlewares/Third_Party/FreeRTOS/Source/CMSIS_RTOS_V2/cmsis_os2.o
 .text.SysTick_Handler
                0x08005b34       0x20 ./Middlewares/Third_Party/FreeRTOS/Source/CMSIS_RTOS_V2/cmsis_os2.o
                0x08005b34                SysTick_Handler
 .text.SVC_Setup
                0x08005b54       0x12 ./Middlewares/Third_Party/FreeRTOS/Source/CMSIS_RTOS_V2/cmsis_os2.o
 *fill*         0x08005b66        0x2 
 .text.osKernelInitialize
                0x08005b68       0x44 ./Middlewares/Third_Party/FreeRTOS/Source/CMSIS_RTOS_V2/cmsis_os2.o
                0x08005b68                osKernelInitialize
 .text.osKernelStart
                0x08005bac       0x4c ./Middlewares/Third_Party/FreeRTOS/Source/CMSIS_RTOS_V2/cmsis_os2.o
                0x08005bac                osKernelStart
 .text.osThreadNew
                0x08005bf8      0x124 ./Middlewares/Third_Party/FreeRTOS/Source/CMSIS_RTOS_V2/cmsis_os2.o
                0x08005bf8                osThreadNew
 .text.osDelay  0x08005d1c       0x36 ./Middlewares/Third_Party/FreeRTOS/Source/CMSIS_RTOS_V2/cmsis_os2.o
                0x08005d1c                osDelay
 .text.osMessageQueueNew
                0x08005d52       0xe6 ./Middlewares/Third_Party/FreeRTOS/Source/CMSIS_RTOS_V2/cmsis_os2.o
                0x08005d52                osMessageQueueNew
 .text.osMessageQueuePut
                0x08005e38       0xc0 ./Middlewares/Third_Party/FreeRTOS/Source/CMSIS_RTOS_V2/cmsis_os2.o
                0x08005e38                osMessageQueuePut
 .text.osMessageQueueGet
                0x08005ef8       0xbc ./Middlewares/Third_Party/FreeRTOS/Source/CMSIS_RTOS_V2/cmsis_os2.o
                0x08005ef8                osMessageQueueGet
 .text.osMessageQueueGetSpace
                0x08005fb4       0x6a ./Middlewares/Third_Party/FreeRTOS/Source/CMSIS_RTOS_V2/cmsis_os2.o
                0x08005fb4                osMessageQueueGetSpace
 *fill*         0x0800601e        0x2 
 .text.vApplicationGetIdleTaskMemory
                0x08006020       0x30 ./Middlewares/Third_Party/FreeRTOS/Source/CMSIS_RTOS_V2/cmsis_os2.o
                0x08006020                vApplicationGetIdleTaskMemory
 .text.vApplicationGetTimerTaskMemory
                0x08006050       0x34 ./Middlewares/Third_Party/FreeRTOS/Source/CMSIS_RTOS_V2/cmsis_os2.o
                0x08006050                vApplicationGetTimerTaskMemory
 .text.vListInitialise
                0x08006084       0x3e ./Middlewares/Third_Party/FreeRTOS/Source/list.o
                0x08006084                vListInitialise
 .text.vListInitialiseItem
                0x080060c2       0x18 ./Middlewares/Third_Party/FreeRTOS/Source/list.o
                0x080060c2                vListInitialiseItem
 .text.vListInsertEnd
                0x080060da       0x46 ./Middlewares/Third_Party/FreeRTOS/Source/list.o
                0x080060da                vListInsertEnd
 .text.vListInsert
                0x08006120       0x70 ./Middlewares/Third_Party/FreeRTOS/Source/list.o
                0x08006120                vListInsert
 .text.uxListRemove
                0x08006190       0x52 ./Middlewares/Third_Party/FreeRTOS/Source/list.o
                0x08006190                uxListRemove
 *fill*         0x080061e2        0x2 
 .text.xQueueGenericReset
                0x080061e4       0xd4 ./Middlewares/Third_Party/FreeRTOS/Source/queue.o
                0x080061e4                xQueueGenericReset
 .text.xQueueGenericCreateStatic
                0x080062b8       0xfa ./Middlewares/Third_Party/FreeRTOS/Source/queue.o
                0x080062b8                xQueueGenericCreateStatic
 .text.xQueueGenericCreate
                0x080063b2       0x76 ./Middlewares/Third_Party/FreeRTOS/Source/queue.o
                0x080063b2                xQueueGenericCreate
 .text.prvInitialiseNewQueue
                0x08006428       0x46 ./Middlewares/Third_Party/FreeRTOS/Source/queue.o
 *fill*         0x0800646e        0x2 
 .text.xQueueGenericSend
                0x08006470      0x204 ./Middlewares/Third_Party/FreeRTOS/Source/queue.o
                0x08006470                xQueueGenericSend
 .text.xQueueGenericSendFromISR
                0x08006674      0x13c ./Middlewares/Third_Party/FreeRTOS/Source/queue.o
                0x08006674                xQueueGenericSendFromISR
 .text.xQueueReceive
                0x080067b0      0x1c4 ./Middlewares/Third_Party/FreeRTOS/Source/queue.o
                0x080067b0                xQueueReceive
 .text.xQueueReceiveFromISR
                0x08006974      0x104 ./Middlewares/Third_Party/FreeRTOS/Source/queue.o
                0x08006974                xQueueReceiveFromISR
 .text.uxQueueSpacesAvailable
                0x08006a78       0x48 ./Middlewares/Third_Party/FreeRTOS/Source/queue.o
                0x08006a78                uxQueueSpacesAvailable
 .text.prvCopyDataToQueue
                0x08006ac0       0xd4 ./Middlewares/Third_Party/FreeRTOS/Source/queue.o
 .text.prvCopyDataFromQueue
                0x08006b94       0x4c ./Middlewares/Third_Party/FreeRTOS/Source/queue.o
 .text.prvUnlockQueue
                0x08006be0       0xa4 ./Middlewares/Third_Party/FreeRTOS/Source/queue.o
 .text.prvIsQueueEmpty
                0x08006c84       0x2c ./Middlewares/Third_Party/FreeRTOS/Source/queue.o
 .text.prvIsQueueFull
                0x08006cb0       0x30 ./Middlewares/Third_Party/FreeRTOS/Source/queue.o
 .text.vQueueAddToRegistry
                0x08006ce0       0x50 ./Middlewares/Third_Party/FreeRTOS/Source/queue.o
                0x08006ce0                vQueueAddToRegistry
 .text.vQueueWaitForMessageRestricted
                0x08006d30       0x68 ./Middlewares/Third_Party/FreeRTOS/Source/queue.o
                0x08006d30                vQueueWaitForMessageRestricted
 .text.xTaskCreateStatic
                0x08006d98       0xc0 ./Middlewares/Third_Party/FreeRTOS/Source/tasks.o
                0x08006d98                xTaskCreateStatic
 .text.xTaskCreate
                0x08006e58       0x8a ./Middlewares/Third_Party/FreeRTOS/Source/tasks.o
                0x08006e58                xTaskCreate
 *fill*         0x08006ee2        0x2 
 .text.prvInitialiseNewTask
                0x08006ee4      0x150 ./Middlewares/Third_Party/FreeRTOS/Source/tasks.o
 .text.prvAddNewTaskToReadyList
                0x08007034       0xe0 ./Middlewares/Third_Party/FreeRTOS/Source/tasks.o
 .text.vTaskDelay
                0x08007114       0x6c ./Middlewares/Third_Party/FreeRTOS/Source/tasks.o
                0x08007114                vTaskDelay
 .text.vTaskStartScheduler
                0x08007180       0xe0 ./Middlewares/Third_Party/FreeRTOS/Source/tasks.o
                0x08007180                vTaskStartScheduler
 .text.vTaskSuspendAll
                0x08007260       0x1c ./Middlewares/Third_Party/FreeRTOS/Source/tasks.o
                0x08007260                vTaskSuspendAll
 .text.xTaskResumeAll
                0x0800727c      0x13c ./Middlewares/Third_Party/FreeRTOS/Source/tasks.o
                0x0800727c                xTaskResumeAll
 .text.xTaskGetTickCount
                0x080073b8       0x1c ./Middlewares/Third_Party/FreeRTOS/Source/tasks.o
                0x080073b8                xTaskGetTickCount
 .text.xTaskIncrementTick
                0x080073d4      0x174 ./Middlewares/Third_Party/FreeRTOS/Source/tasks.o
                0x080073d4                xTaskIncrementTick
 .text.vTaskSwitchContext
                0x08007548       0xc8 ./Middlewares/Third_Party/FreeRTOS/Source/tasks.o
                0x08007548                vTaskSwitchContext
 .text.vTaskPlaceOnEventList
                0x08007610       0x4c ./Middlewares/Third_Party/FreeRTOS/Source/tasks.o
                0x08007610                vTaskPlaceOnEventList
 .text.vTaskPlaceOnEventListRestricted
                0x0800765c       0x58 ./Middlewares/Third_Party/FreeRTOS/Source/tasks.o
                0x0800765c                vTaskPlaceOnEventListRestricted
 .text.xTaskRemoveFromEventList
                0x080076b4       0xc8 ./Middlewares/Third_Party/FreeRTOS/Source/tasks.o
                0x080076b4                xTaskRemoveFromEventList
 .text.vTaskInternalSetTimeOutState
                0x0800777c       0x2c ./Middlewares/Third_Party/FreeRTOS/Source/tasks.o
                0x0800777c                vTaskInternalSetTimeOutState
 .text.xTaskCheckForTimeOut
                0x080077a8       0xc8 ./Middlewares/Third_Party/FreeRTOS/Source/tasks.o
                0x080077a8                xTaskCheckForTimeOut
 .text.vTaskMissedYield
                0x08007870       0x18 ./Middlewares/Third_Party/FreeRTOS/Source/tasks.o
                0x08007870                vTaskMissedYield
 .text.prvIdleTask
                0x08007888       0x30 ./Middlewares/Third_Party/FreeRTOS/Source/tasks.o
 .text.prvInitialiseTaskLists
                0x080078b8       0x80 ./Middlewares/Third_Party/FreeRTOS/Source/tasks.o
 .text.prvCheckTasksWaitingTermination
                0x08007938       0x5c ./Middlewares/Third_Party/FreeRTOS/Source/tasks.o
 .text.prvDeleteTCB
                0x08007994       0x6a ./Middlewares/Third_Party/FreeRTOS/Source/tasks.o
 *fill*         0x080079fe        0x2 
 .text.prvResetNextTaskUnblockTime
                0x08007a00       0x40 ./Middlewares/Third_Party/FreeRTOS/Source/tasks.o
 .text.xTaskGetSchedulerState
                0x08007a40       0x3c ./Middlewares/Third_Party/FreeRTOS/Source/tasks.o
                0x08007a40                xTaskGetSchedulerState
 .text.xTaskPriorityDisinherit
                0x08007a7c       0xe0 ./Middlewares/Third_Party/FreeRTOS/Source/tasks.o
                0x08007a7c                xTaskPriorityDisinherit
 .text.prvAddCurrentTaskToDelayedList
                0x08007b5c       0xa8 ./Middlewares/Third_Party/FreeRTOS/Source/tasks.o
 .text.xTimerCreateTimerTask
                0x08007c04       0x94 ./Middlewares/Third_Party/FreeRTOS/Source/timers.o
                0x08007c04                xTimerCreateTimerTask
 .text.xTimerGenericCommand
                0x08007c98       0x9c ./Middlewares/Third_Party/FreeRTOS/Source/timers.o
                0x08007c98                xTimerGenericCommand
 .text.prvProcessExpiredTimer
                0x08007d34       0x9c ./Middlewares/Third_Party/FreeRTOS/Source/timers.o
 .text.prvTimerTask
                0x08007dd0       0x26 ./Middlewares/Third_Party/FreeRTOS/Source/timers.o
 *fill*         0x08007df6        0x2 
 .text.prvProcessTimerOrBlockTask
                0x08007df8       0x9c ./Middlewares/Third_Party/FreeRTOS/Source/timers.o
 .text.prvGetNextExpireTime
                0x08007e94       0x44 ./Middlewares/Third_Party/FreeRTOS/Source/timers.o
 .text.prvSampleTimeNow
                0x08007ed8       0x40 ./Middlewares/Third_Party/FreeRTOS/Source/timers.o
 .text.prvInsertTimerInActiveList
                0x08007f18       0x84 ./Middlewares/Third_Party/FreeRTOS/Source/timers.o
 .text.prvProcessReceivedCommands
                0x08007f9c      0x1cc ./Middlewares/Third_Party/FreeRTOS/Source/timers.o
 .text.prvSwitchTimerLists
                0x08008168       0xcc ./Middlewares/Third_Party/FreeRTOS/Source/timers.o
 .text.prvCheckForValidListAndQueue
                0x08008234       0x80 ./Middlewares/Third_Party/FreeRTOS/Source/timers.o
 .text.pxPortInitialiseStack
                0x080082b4       0x58 ./Middlewares/Third_Party/FreeRTOS/Source/portable/GCC/ARM_CM3/port.o
                0x080082b4                pxPortInitialiseStack
 .text.prvTaskExitError
                0x0800830c       0x58 ./Middlewares/Third_Party/FreeRTOS/Source/portable/GCC/ARM_CM3/port.o
 *fill*         0x08008364        0xc 
 .text.SVC_Handler
                0x08008370       0x28 ./Middlewares/Third_Party/FreeRTOS/Source/portable/GCC/ARM_CM3/port.o
                0x08008370                SVC_Handler
 .text.prvPortStartFirstTask
                0x08008398       0x20 ./Middlewares/Third_Party/FreeRTOS/Source/portable/GCC/ARM_CM3/port.o
 .text.xPortStartScheduler
                0x080083b8       0xe4 ./Middlewares/Third_Party/FreeRTOS/Source/portable/GCC/ARM_CM3/port.o
                0x080083b8                xPortStartScheduler
 .text.vPortEnterCritical
                0x0800849c       0x60 ./Middlewares/Third_Party/FreeRTOS/Source/portable/GCC/ARM_CM3/port.o
                0x0800849c                vPortEnterCritical
 .text.vPortExitCritical
                0x080084fc       0x54 ./Middlewares/Third_Party/FreeRTOS/Source/portable/GCC/ARM_CM3/port.o
                0x080084fc                vPortExitCritical
 .text.PendSV_Handler
                0x08008550       0x48 ./Middlewares/Third_Party/FreeRTOS/Source/portable/GCC/ARM_CM3/port.o
                0x08008550                PendSV_Handler
 .text.xPortSysTickHandler
                0x08008598       0x44 ./Middlewares/Third_Party/FreeRTOS/Source/portable/GCC/ARM_CM3/port.o
                0x08008598                xPortSysTickHandler
 .text.vPortSetupTimerInterrupt
                0x080085dc       0x44 ./Middlewares/Third_Party/FreeRTOS/Source/portable/GCC/ARM_CM3/port.o
                0x080085dc                vPortSetupTimerInterrupt
 .text.vPortValidateInterruptPriority
                0x08008620       0x80 ./Middlewares/Third_Party/FreeRTOS/Source/portable/GCC/ARM_CM3/port.o
                0x08008620                vPortValidateInterruptPriority
 .text.pvPortMalloc
                0x080086a0      0x19c ./Middlewares/Third_Party/FreeRTOS/Source/portable/MemMang/heap_4.o
                0x080086a0                pvPortMalloc
 .text.vPortFree
                0x0800883c       0xc8 ./Middlewares/Third_Party/FreeRTOS/Source/portable/MemMang/heap_4.o
                0x0800883c                vPortFree
 .text.prvHeapInit
                0x08008904       0xc4 ./Middlewares/Third_Party/FreeRTOS/Source/portable/MemMang/heap_4.o
 .text.prvInsertBlockIntoFreeList
                0x080089c8       0xb0 ./Middlewares/Third_Party/FreeRTOS/Source/portable/MemMang/heap_4.o
 .text.memset   0x08008a78       0x10 C:/ST/STM32CubeIDE_1.18.0/STM32CubeIDE/plugins/com.st.stm32cube.ide.mcu.externaltools.gnu-tools-for-stm32.13.3.rel1.win32_1.0.0.202411081344/tools/bin/../lib/gcc/arm-none-eabi/13.3.1/../../../../arm-none-eabi/lib/thumb/v7-m/nofp\libc_nano.a(libc_a-memset.o)
                0x08008a78                memset
 .text._reclaim_reent
                0x08008a88       0xbc C:/ST/STM32CubeIDE_1.18.0/STM32CubeIDE/plugins/com.st.stm32cube.ide.mcu.externaltools.gnu-tools-for-stm32.13.3.rel1.win32_1.0.0.202411081344/tools/bin/../lib/gcc/arm-none-eabi/13.3.1/../../../../arm-none-eabi/lib/thumb/v7-m/nofp\libc_nano.a(libc_a-reent.o)
                0x08008a88                _reclaim_reent
 .text.__libc_init_array
                0x08008b44       0x48 C:/ST/STM32CubeIDE_1.18.0/STM32CubeIDE/plugins/com.st.stm32cube.ide.mcu.externaltools.gnu-tools-for-stm32.13.3.rel1.win32_1.0.0.202411081344/tools/bin/../lib/gcc/arm-none-eabi/13.3.1/../../../../arm-none-eabi/lib/thumb/v7-m/nofp\libc_nano.a(libc_a-init.o)
                0x08008b44                __libc_init_array
 .text.__retarget_lock_acquire_recursive
                0x08008b8c        0x2 C:/ST/STM32CubeIDE_1.18.0/STM32CubeIDE/plugins/com.st.stm32cube.ide.mcu.externaltools.gnu-tools-for-stm32.13.3.rel1.win32_1.0.0.202411081344/tools/bin/../lib/gcc/arm-none-eabi/13.3.1/../../../../arm-none-eabi/lib/thumb/v7-m/nofp\libc_nano.a(libc_a-lock.o)
                0x08008b8c                __retarget_lock_acquire_recursive
 .text.__retarget_lock_release_recursive
                0x08008b8e        0x2 C:/ST/STM32CubeIDE_1.18.0/STM32CubeIDE/plugins/com.st.stm32cube.ide.mcu.externaltools.gnu-tools-for-stm32.13.3.rel1.win32_1.0.0.202411081344/tools/bin/../lib/gcc/arm-none-eabi/13.3.1/../../../../arm-none-eabi/lib/thumb/v7-m/nofp\libc_nano.a(libc_a-lock.o)
                0x08008b8e                __retarget_lock_release_recursive
 .text.memcpy   0x08008b90       0x1c C:/ST/STM32CubeIDE_1.18.0/STM32CubeIDE/plugins/com.st.stm32cube.ide.mcu.externaltools.gnu-tools-for-stm32.13.3.rel1.win32_1.0.0.202411081344/tools/bin/../lib/gcc/arm-none-eabi/13.3.1/../../../../arm-none-eabi/lib/thumb/v7-m/nofp\libc_nano.a(libc_a-memcpy-stub.o)
                0x08008b90                memcpy
 .text._free_r  0x08008bac       0x90 C:/ST/STM32CubeIDE_1.18.0/STM32CubeIDE/plugins/com.st.stm32cube.ide.mcu.externaltools.gnu-tools-for-stm32.13.3.rel1.win32_1.0.0.202411081344/tools/bin/../lib/gcc/arm-none-eabi/13.3.1/../../../../arm-none-eabi/lib/thumb/v7-m/nofp\libc_nano.a(libc_a-freer.o)
                0x08008bac                _free_r
 .text.__malloc_lock
                0x08008c3c        0xc C:/ST/STM32CubeIDE_1.18.0/STM32CubeIDE/plugins/com.st.stm32cube.ide.mcu.externaltools.gnu-tools-for-stm32.13.3.rel1.win32_1.0.0.202411081344/tools/bin/../lib/gcc/arm-none-eabi/13.3.1/../../../../arm-none-eabi/lib/thumb/v7-m/nofp\libc_nano.a(libc_a-mlock.o)
                0x08008c3c                __malloc_lock
 .text.__malloc_unlock
                0x08008c48        0xc C:/ST/STM32CubeIDE_1.18.0/STM32CubeIDE/plugins/com.st.stm32cube.ide.mcu.externaltools.gnu-tools-for-stm32.13.3.rel1.win32_1.0.0.202411081344/tools/bin/../lib/gcc/arm-none-eabi/13.3.1/../../../../arm-none-eabi/lib/thumb/v7-m/nofp\libc_nano.a(libc_a-mlock.o)
                0x08008c48                __malloc_unlock
 *(.glue_7)
 .glue_7        0x08008c54        0x0 linker stubs
 *(.glue_7t)
 .glue_7t       0x08008c54        0x0 linker stubs
 *(.eh_frame)
 .eh_frame      0x08008c54        0x0 C:/ST/STM32CubeIDE_1.18.0/STM32CubeIDE/plugins/com.st.stm32cube.ide.mcu.externaltools.gnu-tools-for-stm32.13.3.rel1.win32_1.0.0.202411081344/tools/bin/../lib/gcc/arm-none-eabi/13.3.1/thumb/v7-m/nofp/crtbegin.o
 *(.init)
 .init          0x08008c54        0x4 C:/ST/STM32CubeIDE_1.18.0/STM32CubeIDE/plugins/com.st.stm32cube.ide.mcu.externaltools.gnu-tools-for-stm32.13.3.rel1.win32_1.0.0.202411081344/tools/bin/../lib/gcc/arm-none-eabi/13.3.1/thumb/v7-m/nofp/crti.o
                0x08008c54                _init
 .init          0x08008c58        0x8 C:/ST/STM32CubeIDE_1.18.0/STM32CubeIDE/plugins/com.st.stm32cube.ide.mcu.externaltools.gnu-tools-for-stm32.13.3.rel1.win32_1.0.0.202411081344/tools/bin/../lib/gcc/arm-none-eabi/13.3.1/thumb/v7-m/nofp/crtn.o
 *(.fini)
 .fini          0x08008c60        0x4 C:/ST/STM32CubeIDE_1.18.0/STM32CubeIDE/plugins/com.st.stm32cube.ide.mcu.externaltools.gnu-tools-for-stm32.13.3.rel1.win32_1.0.0.202411081344/tools/bin/../lib/gcc/arm-none-eabi/13.3.1/thumb/v7-m/nofp/crti.o
                0x08008c60                _fini
 .fini          0x08008c64        0x8 C:/ST/STM32CubeIDE_1.18.0/STM32CubeIDE/plugins/com.st.stm32cube.ide.mcu.externaltools.gnu-tools-for-stm32.13.3.rel1.win32_1.0.0.202411081344/tools/bin/../lib/gcc/arm-none-eabi/13.3.1/thumb/v7-m/nofp/crtn.o
                0x08008c6c                        . = ALIGN (0x4)
                0x08008c6c                        _etext = .

.vfp11_veneer   0x08008c6c        0x0
 .vfp11_veneer  0x08008c6c        0x0 linker stubs

.v4_bx          0x08008c6c        0x0
 .v4_bx         0x08008c6c        0x0 linker stubs

.iplt           0x08008c6c        0x0
 .iplt          0x08008c6c        0x0 C:/ST/STM32CubeIDE_1.18.0/STM32CubeIDE/plugins/com.st.stm32cube.ide.mcu.externaltools.gnu-tools-for-stm32.13.3.rel1.win32_1.0.0.202411081344/tools/bin/../lib/gcc/arm-none-eabi/13.3.1/thumb/v7-m/nofp/crtbegin.o

.rodata         0x08008c6c       0x80
                0x08008c6c                        . = ALIGN (0x4)
 *(.rodata)
 .rodata        0x08008c6c        0xc ./Core/Src/freertos.o
 .rodata        0x08008c78        0xc ./Core/Src/main.o
 .rodata        0x08008c84        0x5 ./Middlewares/Third_Party/FreeRTOS/Source/tasks.o
 *fill*         0x08008c89        0x3 
 .rodata        0x08008c8c        0xd ./Middlewares/Third_Party/FreeRTOS/Source/timers.o
 *(.rodata*)
 *fill*         0x08008c99        0x3 
 .rodata.defaultTask_attributes
                0x08008c9c       0x24 ./Core/Src/freertos.o
                0x08008c9c                defaultTask_attributes
 .rodata.AHBPrescTable
                0x08008cc0       0x10 ./Core/Src/system_stm32f1xx.o
                0x08008cc0                AHBPrescTable
 .rodata.APBPrescTable
                0x08008cd0        0x8 ./Core/Src/system_stm32f1xx.o
                0x08008cd0                APBPrescTable
 .rodata.aPLLMULFactorTable.1
                0x08008cd8       0x10 ./Drivers/STM32F1xx_HAL_Driver/Src/stm32f1xx_hal_rcc.o
 .rodata.aPredivFactorTable.0
                0x08008ce8        0x2 ./Drivers/STM32F1xx_HAL_Driver/Src/stm32f1xx_hal_rcc.o
                0x08008cec                        . = ALIGN (0x4)
 *fill*         0x08008cea        0x2 

.ARM.extab      0x08008cec        0x0
                0x08008cec                        . = ALIGN (0x4)
 *(.ARM.extab* .gnu.linkonce.armextab.*)
                0x08008cec                        . = ALIGN (0x4)

.ARM            0x08008cec        0x0
                0x08008cec                        . = ALIGN (0x4)
                0x08008cec                        __exidx_start = .
 *(.ARM.exidx*)
                0x08008cec                        __exidx_end = .
                0x08008cec                        . = ALIGN (0x4)

.preinit_array  0x08008cec        0x0
                0x08008cec                        . = ALIGN (0x4)
                0x08008cec                        PROVIDE (__preinit_array_start = .)
 *(.preinit_array*)
                0x08008cec                        PROVIDE (__preinit_array_end = .)
                0x08008cec                        . = ALIGN (0x4)

.init_array     0x08008cec        0x4
                0x08008cec                        . = ALIGN (0x4)
                0x08008cec                        PROVIDE (__init_array_start = .)
 *(SORT_BY_NAME(.init_array.*))
 *(.init_array*)
 .init_array    0x08008cec        0x4 C:/ST/STM32CubeIDE_1.18.0/STM32CubeIDE/plugins/com.st.stm32cube.ide.mcu.externaltools.gnu-tools-for-stm32.13.3.rel1.win32_1.0.0.202411081344/tools/bin/../lib/gcc/arm-none-eabi/13.3.1/thumb/v7-m/nofp/crtbegin.o
                0x08008cf0                        PROVIDE (__init_array_end = .)
                0x08008cf0                        . = ALIGN (0x4)

.fini_array     0x08008cf0        0x4
                0x08008cf0                        . = ALIGN (0x4)
                [!provide]                        PROVIDE (__fini_array_start = .)
 *(SORT_BY_NAME(.fini_array.*))
 *(.fini_array*)
 .fini_array    0x08008cf0        0x4 C:/ST/STM32CubeIDE_1.18.0/STM32CubeIDE/plugins/com.st.stm32cube.ide.mcu.externaltools.gnu-tools-for-stm32.13.3.rel1.win32_1.0.0.202411081344/tools/bin/../lib/gcc/arm-none-eabi/13.3.1/thumb/v7-m/nofp/crtbegin.o
                [!provide]                        PROVIDE (__fini_array_end = .)
                0x08008cf4                        . = ALIGN (0x4)
                0x08008cf4                        _sidata = LOADADDR (.data)

.rel.dyn        0x08008cf4        0x0
 .rel.iplt      0x08008cf4        0x0 C:/ST/STM32CubeIDE_1.18.0/STM32CubeIDE/plugins/com.st.stm32cube.ide.mcu.externaltools.gnu-tools-for-stm32.13.3.rel1.win32_1.0.0.202411081344/tools/bin/../lib/gcc/arm-none-eabi/13.3.1/thumb/v7-m/nofp/crtbegin.o

.data           0x20000000       0x64 load address 0x08008cf4
                0x20000000                        . = ALIGN (0x4)
                0x20000000                        _sdata = .
 *(.data)
 *(.data*)
 .data.currentMode
                0x20000000        0x1 ./Core/Src/main.o
                0x20000000                currentMode
 *fill*         0x20000001        0x3 
 .data.SystemCoreClock
                0x20000004        0x4 ./Core/Src/system_stm32f1xx.o
                0x20000004                SystemCoreClock
 .data.uwTickPrio
                0x20000008        0x4 ./Drivers/STM32F1xx_HAL_Driver/Src/stm32f1xx_hal.o
                0x20000008                uwTickPrio
 .data.uwTickFreq
                0x2000000c        0x1 ./Drivers/STM32F1xx_HAL_Driver/Src/stm32f1xx_hal.o
                0x2000000c                uwTickFreq
 *fill*         0x2000000d        0x3 
 .data.uxCriticalNesting
                0x20000010        0x4 ./Middlewares/Third_Party/FreeRTOS/Source/portable/GCC/ARM_CM3/port.o
 .data._impure_ptr
                0x20000014        0x4 C:/ST/STM32CubeIDE_1.18.0/STM32CubeIDE/plugins/com.st.stm32cube.ide.mcu.externaltools.gnu-tools-for-stm32.13.3.rel1.win32_1.0.0.202411081344/tools/bin/../lib/gcc/arm-none-eabi/13.3.1/../../../../arm-none-eabi/lib/thumb/v7-m/nofp\libc_nano.a(libc_a-impure.o)
                0x20000014                _impure_ptr
 .data._impure_data
                0x20000018       0x4c C:/ST/STM32CubeIDE_1.18.0/STM32CubeIDE/plugins/com.st.stm32cube.ide.mcu.externaltools.gnu-tools-for-stm32.13.3.rel1.win32_1.0.0.202411081344/tools/bin/../lib/gcc/arm-none-eabi/13.3.1/../../../../arm-none-eabi/lib/thumb/v7-m/nofp\libc_nano.a(libc_a-impure.o)
                0x20000018                _impure_data
 *(.RamFunc)
 *(.RamFunc*)
                0x20000064                        . = ALIGN (0x4)
                0x20000064                        _edata = .

.igot.plt       0x20000064        0x0 load address 0x08008d58
 .igot.plt      0x20000064        0x0 C:/ST/STM32CubeIDE_1.18.0/STM32CubeIDE/plugins/com.st.stm32cube.ide.mcu.externaltools.gnu-tools-for-stm32.13.3.rel1.win32_1.0.0.202411081344/tools/bin/../lib/gcc/arm-none-eabi/13.3.1/thumb/v7-m/nofp/crtbegin.o
                0x20000064                        . = ALIGN (0x4)

.bss            0x20000064     0x1d58 load address 0x08008d58
                0x20000064                        _sbss = .
                0x20000064                        __bss_start__ = _sbss
 *(.bss)
 .bss           0x20000064       0x1c C:/ST/STM32CubeIDE_1.18.0/STM32CubeIDE/plugins/com.st.stm32cube.ide.mcu.externaltools.gnu-tools-for-stm32.13.3.rel1.win32_1.0.0.202411081344/tools/bin/../lib/gcc/arm-none-eabi/13.3.1/thumb/v7-m/nofp/crtbegin.o
 *(.bss*)
 .bss.hadc1     0x20000080       0x30 ./Core/Src/adc.o
                0x20000080                hadc1
 .bss.defaultTaskHandle
                0x200000b0        0x4 ./Core/Src/freertos.o
                0x200000b0                defaultTaskHandle
 .bss.controlQueue
                0x200000b4        0x4 ./Core/Src/main.o
                0x200000b4                controlQueue
 .bss.rx_byte   0x200000b8        0x1 ./Core/Src/main.o
                0x200000b8                rx_byte
 *fill*         0x200000b9        0x3 
 .bss.bt_rx_buffer
                0x200000bc        0x6 ./Core/Src/main.o
                0x200000bc                bt_rx_buffer
 .bss.bt_rx_index
                0x200000c2        0x1 ./Core/Src/main.o
                0x200000c2                bt_rx_index
 *fill*         0x200000c3        0x1 
 .bss.lastDataTime
                0x200000c4        0x4 ./Core/Src/main.o
                0x200000c4                lastDataTime
 .bss.controlData
                0x200000c8        0x6 ./Core/Src/main.o
                0x200000c8                controlData
 *fill*         0x200000ce        0x2 
 .bss.hspi1     0x200000d0       0x58 ./Core/Src/spi.o
                0x200000d0                hspi1
 .bss.htim3     0x20000128       0x48 ./Core/Src/stm32f1xx_hal_timebase_tim.o
                0x20000128                htim3
 .bss.htim1     0x20000170       0x48 ./Core/Src/tim.o
                0x20000170                htim1
 .bss.htim2     0x200001b8       0x48 ./Core/Src/tim.o
                0x200001b8                htim2
 .bss.htim4     0x20000200       0x48 ./Core/Src/tim.o
                0x20000200                htim4
 .bss.huart1    0x20000248       0x48 ./Core/Src/usart.o
                0x20000248                huart1
 .bss.uwTick    0x20000290        0x4 ./Drivers/STM32F1xx_HAL_Driver/Src/stm32f1xx_hal.o
                0x20000290                uwTick
 .bss.KernelState
                0x20000294        0x4 ./Middlewares/Third_Party/FreeRTOS/Source/CMSIS_RTOS_V2/cmsis_os2.o
 .bss.Idle_TCB.3
                0x20000298       0xa8 ./Middlewares/Third_Party/FreeRTOS/Source/CMSIS_RTOS_V2/cmsis_os2.o
 .bss.Idle_Stack.2
                0x20000340      0x200 ./Middlewares/Third_Party/FreeRTOS/Source/CMSIS_RTOS_V2/cmsis_os2.o
 .bss.Timer_TCB.1
                0x20000540       0xa8 ./Middlewares/Third_Party/FreeRTOS/Source/CMSIS_RTOS_V2/cmsis_os2.o
 .bss.Timer_Stack.0
                0x200005e8      0x400 ./Middlewares/Third_Party/FreeRTOS/Source/CMSIS_RTOS_V2/cmsis_os2.o
 .bss.xQueueRegistry
                0x200009e8       0x40 ./Middlewares/Third_Party/FreeRTOS/Source/queue.o
                0x200009e8                xQueueRegistry
 .bss.pxCurrentTCB
                0x20000a28        0x4 ./Middlewares/Third_Party/FreeRTOS/Source/tasks.o
                0x20000a28                pxCurrentTCB
 .bss.pxReadyTasksLists
                0x20000a2c      0x460 ./Middlewares/Third_Party/FreeRTOS/Source/tasks.o
 .bss.xDelayedTaskList1
                0x20000e8c       0x14 ./Middlewares/Third_Party/FreeRTOS/Source/tasks.o
 .bss.xDelayedTaskList2
                0x20000ea0       0x14 ./Middlewares/Third_Party/FreeRTOS/Source/tasks.o
 .bss.pxDelayedTaskList
                0x20000eb4        0x4 ./Middlewares/Third_Party/FreeRTOS/Source/tasks.o
 .bss.pxOverflowDelayedTaskList
                0x20000eb8        0x4 ./Middlewares/Third_Party/FreeRTOS/Source/tasks.o
 .bss.xPendingReadyList
                0x20000ebc       0x14 ./Middlewares/Third_Party/FreeRTOS/Source/tasks.o
 .bss.xTasksWaitingTermination
                0x20000ed0       0x14 ./Middlewares/Third_Party/FreeRTOS/Source/tasks.o
 .bss.uxDeletedTasksWaitingCleanUp
                0x20000ee4        0x4 ./Middlewares/Third_Party/FreeRTOS/Source/tasks.o
 .bss.xSuspendedTaskList
                0x20000ee8       0x14 ./Middlewares/Third_Party/FreeRTOS/Source/tasks.o
 .bss.uxCurrentNumberOfTasks
                0x20000efc        0x4 ./Middlewares/Third_Party/FreeRTOS/Source/tasks.o
 .bss.xTickCount
                0x20000f00        0x4 ./Middlewares/Third_Party/FreeRTOS/Source/tasks.o
 .bss.uxTopReadyPriority
                0x20000f04        0x4 ./Middlewares/Third_Party/FreeRTOS/Source/tasks.o
 .bss.xSchedulerRunning
                0x20000f08        0x4 ./Middlewares/Third_Party/FreeRTOS/Source/tasks.o
 .bss.xPendedTicks
                0x20000f0c        0x4 ./Middlewares/Third_Party/FreeRTOS/Source/tasks.o
 .bss.xYieldPending
                0x20000f10        0x4 ./Middlewares/Third_Party/FreeRTOS/Source/tasks.o
 .bss.xNumOfOverflows
                0x20000f14        0x4 ./Middlewares/Third_Party/FreeRTOS/Source/tasks.o
 .bss.uxTaskNumber
                0x20000f18        0x4 ./Middlewares/Third_Party/FreeRTOS/Source/tasks.o
 .bss.xNextTaskUnblockTime
                0x20000f1c        0x4 ./Middlewares/Third_Party/FreeRTOS/Source/tasks.o
 .bss.xIdleTaskHandle
                0x20000f20        0x4 ./Middlewares/Third_Party/FreeRTOS/Source/tasks.o
 .bss.uxSchedulerSuspended
                0x20000f24        0x4 ./Middlewares/Third_Party/FreeRTOS/Source/tasks.o
 .bss.xActiveTimerList1
                0x20000f28       0x14 ./Middlewares/Third_Party/FreeRTOS/Source/timers.o
 .bss.xActiveTimerList2
                0x20000f3c       0x14 ./Middlewares/Third_Party/FreeRTOS/Source/timers.o
 .bss.pxCurrentTimerList
                0x20000f50        0x4 ./Middlewares/Third_Party/FreeRTOS/Source/timers.o
 .bss.pxOverflowTimerList
                0x20000f54        0x4 ./Middlewares/Third_Party/FreeRTOS/Source/timers.o
 .bss.xTimerQueue
                0x20000f58        0x4 ./Middlewares/Third_Party/FreeRTOS/Source/timers.o
 .bss.xTimerTaskHandle
                0x20000f5c        0x4 ./Middlewares/Third_Party/FreeRTOS/Source/timers.o
 .bss.xLastTime.2
                0x20000f60        0x4 ./Middlewares/Third_Party/FreeRTOS/Source/timers.o
 .bss.ucStaticTimerQueueStorage.1
                0x20000f64       0xa0 ./Middlewares/Third_Party/FreeRTOS/Source/timers.o
 .bss.xStaticTimerQueue.0
                0x20001004       0x50 ./Middlewares/Third_Party/FreeRTOS/Source/timers.o
 .bss.ucMaxSysCallPriority
                0x20001054        0x1 ./Middlewares/Third_Party/FreeRTOS/Source/portable/GCC/ARM_CM3/port.o
 *fill*         0x20001055        0x3 
 .bss.ulMaxPRIGROUPValue
                0x20001058        0x4 ./Middlewares/Third_Party/FreeRTOS/Source/portable/GCC/ARM_CM3/port.o
 .bss.ucHeap    0x2000105c      0xc00 ./Middlewares/Third_Party/FreeRTOS/Source/portable/MemMang/heap_4.o
 .bss.xStart    0x20001c5c        0x8 ./Middlewares/Third_Party/FreeRTOS/Source/portable/MemMang/heap_4.o
 .bss.pxEnd     0x20001c64        0x4 ./Middlewares/Third_Party/FreeRTOS/Source/portable/MemMang/heap_4.o
 .bss.xFreeBytesRemaining
                0x20001c68        0x4 ./Middlewares/Third_Party/FreeRTOS/Source/portable/MemMang/heap_4.o
 .bss.xMinimumEverFreeBytesRemaining
                0x20001c6c        0x4 ./Middlewares/Third_Party/FreeRTOS/Source/portable/MemMang/heap_4.o
 .bss.xNumberOfSuccessfulAllocations
                0x20001c70        0x4 ./Middlewares/Third_Party/FreeRTOS/Source/portable/MemMang/heap_4.o
 .bss.xNumberOfSuccessfulFrees
                0x20001c74        0x4 ./Middlewares/Third_Party/FreeRTOS/Source/portable/MemMang/heap_4.o
 .bss.xBlockAllocatedBit
                0x20001c78        0x4 ./Middlewares/Third_Party/FreeRTOS/Source/portable/MemMang/heap_4.o
 .bss.__sf      0x20001c7c      0x138 C:/ST/STM32CubeIDE_1.18.0/STM32CubeIDE/plugins/com.st.stm32cube.ide.mcu.externaltools.gnu-tools-for-stm32.13.3.rel1.win32_1.0.0.202411081344/tools/bin/../lib/gcc/arm-none-eabi/13.3.1/../../../../arm-none-eabi/lib/thumb/v7-m/nofp\libc_nano.a(libc_a-findfp.o)
                0x20001c7c                __sf
 .bss.__lock___malloc_recursive_mutex
                0x20001db4        0x1 C:/ST/STM32CubeIDE_1.18.0/STM32CubeIDE/plugins/com.st.stm32cube.ide.mcu.externaltools.gnu-tools-for-stm32.13.3.rel1.win32_1.0.0.202411081344/tools/bin/../lib/gcc/arm-none-eabi/13.3.1/../../../../arm-none-eabi/lib/thumb/v7-m/nofp\libc_nano.a(libc_a-lock.o)
                0x20001db4                __lock___malloc_recursive_mutex
 *fill*         0x20001db5        0x3 
 .bss.__malloc_free_list
                0x20001db8        0x4 C:/ST/STM32CubeIDE_1.18.0/STM32CubeIDE/plugins/com.st.stm32cube.ide.mcu.externaltools.gnu-tools-for-stm32.13.3.rel1.win32_1.0.0.202411081344/tools/bin/../lib/gcc/arm-none-eabi/13.3.1/../../../../arm-none-eabi/lib/thumb/v7-m/nofp\libc_nano.a(libc_a-mallocr.o)
                0x20001db8                __malloc_free_list
 *(COMMON)
                0x20001dbc                        . = ALIGN (0x4)
                0x20001dbc                        _ebss = .
                0x20001dbc                        __bss_end__ = _ebss

._user_heap_stack
                0x20001dbc      0x604 load address 0x08008d58
                0x20001dc0                        . = ALIGN (0x8)
 *fill*         0x20001dbc        0x4 
                [!provide]                        PROVIDE (end = .)
                0x20001dc0                        PROVIDE (_end = .)
                0x20001fc0                        . = (. + _Min_Heap_Size)
 *fill*         0x20001dc0      0x200 
                0x200023c0                        . = (. + _Min_Stack_Size)
 *fill*         0x20001fc0      0x400 
                0x200023c0                        . = ALIGN (0x8)

/DISCARD/
 libc.a(*)
 libm.a(*)
 libgcc.a(*)

.ARM.attributes
                0x00000000       0x29
 *(.ARM.attributes)
 .ARM.attributes
                0x00000000       0x1d C:/ST/STM32CubeIDE_1.18.0/STM32CubeIDE/plugins/com.st.stm32cube.ide.mcu.externaltools.gnu-tools-for-stm32.13.3.rel1.win32_1.0.0.202411081344/tools/bin/../lib/gcc/arm-none-eabi/13.3.1/thumb/v7-m/nofp/crti.o
 .ARM.attributes
                0x0000001d       0x2d C:/ST/STM32CubeIDE_1.18.0/STM32CubeIDE/plugins/com.st.stm32cube.ide.mcu.externaltools.gnu-tools-for-stm32.13.3.rel1.win32_1.0.0.202411081344/tools/bin/../lib/gcc/arm-none-eabi/13.3.1/thumb/v7-m/nofp/crtbegin.o
 .ARM.attributes
                0x0000004a       0x2d ./Core/Src/adc.o
 .ARM.attributes
                0x00000077       0x2d ./Core/Src/freertos.o
 .ARM.attributes
                0x000000a4       0x2d ./Core/Src/gpio.o
 .ARM.attributes
                0x000000d1       0x2d ./Core/Src/main.o
 .ARM.attributes
                0x000000fe       0x2d ./Core/Src/nrf24l01p.o
 .ARM.attributes
                0x0000012b       0x2d ./Core/Src/spi.o
 .ARM.attributes
                0x00000158       0x2d ./Core/Src/stm32f1xx_hal_msp.o
 .ARM.attributes
                0x00000185       0x2d ./Core/Src/stm32f1xx_hal_timebase_tim.o
 .ARM.attributes
                0x000001b2       0x2d ./Core/Src/stm32f1xx_it.o
 .ARM.attributes
                0x000001df       0x2d ./Core/Src/system_stm32f1xx.o
 .ARM.attributes
                0x0000020c       0x2d ./Core/Src/tim.o
 .ARM.attributes
                0x00000239       0x2d ./Core/Src/usart.o
 .ARM.attributes
                0x00000266       0x21 ./Core/Startup/startup_stm32f103c8tx.o
 .ARM.attributes
                0x00000287       0x2d ./Drivers/STM32F1xx_HAL_Driver/Src/stm32f1xx_hal.o
 .ARM.attributes
                0x000002b4       0x2d ./Drivers/STM32F1xx_HAL_Driver/Src/stm32f1xx_hal_adc.o
 .ARM.attributes
                0x000002e1       0x2d ./Drivers/STM32F1xx_HAL_Driver/Src/stm32f1xx_hal_cortex.o
 .ARM.attributes
                0x0000030e       0x2d ./Drivers/STM32F1xx_HAL_Driver/Src/stm32f1xx_hal_dma.o
 .ARM.attributes
                0x0000033b       0x2d ./Drivers/STM32F1xx_HAL_Driver/Src/stm32f1xx_hal_gpio.o
 .ARM.attributes
                0x00000368       0x2d ./Drivers/STM32F1xx_HAL_Driver/Src/stm32f1xx_hal_rcc.o
 .ARM.attributes
                0x00000395       0x2d ./Drivers/STM32F1xx_HAL_Driver/Src/stm32f1xx_hal_rcc_ex.o
 .ARM.attributes
                0x000003c2       0x2d ./Drivers/STM32F1xx_HAL_Driver/Src/stm32f1xx_hal_spi.o
 .ARM.attributes
                0x000003ef       0x2d ./Drivers/STM32F1xx_HAL_Driver/Src/stm32f1xx_hal_tim.o
 .ARM.attributes
                0x0000041c       0x2d ./Drivers/STM32F1xx_HAL_Driver/Src/stm32f1xx_hal_tim_ex.o
 .ARM.attributes
                0x00000449       0x2d ./Drivers/STM32F1xx_HAL_Driver/Src/stm32f1xx_hal_uart.o
 .ARM.attributes
                0x00000476       0x2d ./Middlewares/Third_Party/FreeRTOS/Source/CMSIS_RTOS_V2/cmsis_os2.o
 .ARM.attributes
                0x000004a3       0x2d ./Middlewares/Third_Party/FreeRTOS/Source/list.o
 .ARM.attributes
                0x000004d0       0x2d ./Middlewares/Third_Party/FreeRTOS/Source/queue.o
 .ARM.attributes
                0x000004fd       0x2d ./Middlewares/Third_Party/FreeRTOS/Source/tasks.o
 .ARM.attributes
                0x0000052a       0x2d ./Middlewares/Third_Party/FreeRTOS/Source/timers.o
 .ARM.attributes
                0x00000557       0x2d ./Middlewares/Third_Party/FreeRTOS/Source/portable/GCC/ARM_CM3/port.o
 .ARM.attributes
                0x00000584       0x2d ./Middlewares/Third_Party/FreeRTOS/Source/portable/MemMang/heap_4.o
 .ARM.attributes
                0x000005b1       0x2d C:/ST/STM32CubeIDE_1.18.0/STM32CubeIDE/plugins/com.st.stm32cube.ide.mcu.externaltools.gnu-tools-for-stm32.13.3.rel1.win32_1.0.0.202411081344/tools/bin/../lib/gcc/arm-none-eabi/13.3.1/../../../../arm-none-eabi/lib/thumb/v7-m/nofp\libc_nano.a(libc_a-findfp.o)
 .ARM.attributes
                0x000005de       0x2d C:/ST/STM32CubeIDE_1.18.0/STM32CubeIDE/plugins/com.st.stm32cube.ide.mcu.externaltools.gnu-tools-for-stm32.13.3.rel1.win32_1.0.0.202411081344/tools/bin/../lib/gcc/arm-none-eabi/13.3.1/../../../../arm-none-eabi/lib/thumb/v7-m/nofp\libc_nano.a(libc_a-memset.o)
 .ARM.attributes
                0x0000060b       0x2d C:/ST/STM32CubeIDE_1.18.0/STM32CubeIDE/plugins/com.st.stm32cube.ide.mcu.externaltools.gnu-tools-for-stm32.13.3.rel1.win32_1.0.0.202411081344/tools/bin/../lib/gcc/arm-none-eabi/13.3.1/../../../../arm-none-eabi/lib/thumb/v7-m/nofp\libc_nano.a(libc_a-reent.o)
 .ARM.attributes
                0x00000638       0x2d C:/ST/STM32CubeIDE_1.18.0/STM32CubeIDE/plugins/com.st.stm32cube.ide.mcu.externaltools.gnu-tools-for-stm32.13.3.rel1.win32_1.0.0.202411081344/tools/bin/../lib/gcc/arm-none-eabi/13.3.1/../../../../arm-none-eabi/lib/thumb/v7-m/nofp\libc_nano.a(libc_a-impure.o)
 .ARM.attributes
                0x00000665       0x2d C:/ST/STM32CubeIDE_1.18.0/STM32CubeIDE/plugins/com.st.stm32cube.ide.mcu.externaltools.gnu-tools-for-stm32.13.3.rel1.win32_1.0.0.202411081344/tools/bin/../lib/gcc/arm-none-eabi/13.3.1/../../../../arm-none-eabi/lib/thumb/v7-m/nofp\libc_nano.a(libc_a-init.o)
 .ARM.attributes
                0x00000692       0x2d C:/ST/STM32CubeIDE_1.18.0/STM32CubeIDE/plugins/com.st.stm32cube.ide.mcu.externaltools.gnu-tools-for-stm32.13.3.rel1.win32_1.0.0.202411081344/tools/bin/../lib/gcc/arm-none-eabi/13.3.1/../../../../arm-none-eabi/lib/thumb/v7-m/nofp\libc_nano.a(libc_a-lock.o)
 .ARM.attributes
                0x000006bf       0x2d C:/ST/STM32CubeIDE_1.18.0/STM32CubeIDE/plugins/com.st.stm32cube.ide.mcu.externaltools.gnu-tools-for-stm32.13.3.rel1.win32_1.0.0.202411081344/tools/bin/../lib/gcc/arm-none-eabi/13.3.1/../../../../arm-none-eabi/lib/thumb/v7-m/nofp\libc_nano.a(libc_a-memcpy-stub.o)
 .ARM.attributes
                0x000006ec       0x2d C:/ST/STM32CubeIDE_1.18.0/STM32CubeIDE/plugins/com.st.stm32cube.ide.mcu.externaltools.gnu-tools-for-stm32.13.3.rel1.win32_1.0.0.202411081344/tools/bin/../lib/gcc/arm-none-eabi/13.3.1/../../../../arm-none-eabi/lib/thumb/v7-m/nofp\libc_nano.a(libc_a-freer.o)
 .ARM.attributes
                0x00000719       0x2d C:/ST/STM32CubeIDE_1.18.0/STM32CubeIDE/plugins/com.st.stm32cube.ide.mcu.externaltools.gnu-tools-for-stm32.13.3.rel1.win32_1.0.0.202411081344/tools/bin/../lib/gcc/arm-none-eabi/13.3.1/../../../../arm-none-eabi/lib/thumb/v7-m/nofp\libc_nano.a(libc_a-mallocr.o)
 .ARM.attributes
                0x00000746       0x2d C:/ST/STM32CubeIDE_1.18.0/STM32CubeIDE/plugins/com.st.stm32cube.ide.mcu.externaltools.gnu-tools-for-stm32.13.3.rel1.win32_1.0.0.202411081344/tools/bin/../lib/gcc/arm-none-eabi/13.3.1/../../../../arm-none-eabi/lib/thumb/v7-m/nofp\libc_nano.a(libc_a-mlock.o)
 .ARM.attributes
                0x00000773       0x1d C:/ST/STM32CubeIDE_1.18.0/STM32CubeIDE/plugins/com.st.stm32cube.ide.mcu.externaltools.gnu-tools-for-stm32.13.3.rel1.win32_1.0.0.202411081344/tools/bin/../lib/gcc/arm-none-eabi/13.3.1/thumb/v7-m/nofp/crtn.o
OUTPUT(FireWheels.elf elf32-littlearm)
LOAD linker stubs
LOAD C:/ST/STM32CubeIDE_1.18.0/STM32CubeIDE/plugins/com.st.stm32cube.ide.mcu.externaltools.gnu-tools-for-stm32.13.3.rel1.win32_1.0.0.202411081344/tools/bin/../lib/gcc/arm-none-eabi/13.3.1/../../../../arm-none-eabi/lib/thumb/v7-m/nofp\libc.a
LOAD C:/ST/STM32CubeIDE_1.18.0/STM32CubeIDE/plugins/com.st.stm32cube.ide.mcu.externaltools.gnu-tools-for-stm32.13.3.rel1.win32_1.0.0.202411081344/tools/bin/../lib/gcc/arm-none-eabi/13.3.1/../../../../arm-none-eabi/lib/thumb/v7-m/nofp\libm.a
LOAD C:/ST/STM32CubeIDE_1.18.0/STM32CubeIDE/plugins/com.st.stm32cube.ide.mcu.externaltools.gnu-tools-for-stm32.13.3.rel1.win32_1.0.0.202411081344/tools/bin/../lib/gcc/arm-none-eabi/13.3.1/thumb/v7-m/nofp\libgcc.a

.debug_info     0x00000000    0x1cf71
 .debug_info    0x00000000      0x7b8 ./Core/Src/adc.o
 .debug_info    0x000007b8      0x38d ./Core/Src/freertos.o
 .debug_info    0x00000b45      0x44e ./Core/Src/gpio.o
 .debug_info    0x00000f93     0x1981 ./Core/Src/main.o
 .debug_info    0x00002914      0xcd2 ./Core/Src/nrf24l01p.o
 .debug_info    0x000035e6      0x7bc ./Core/Src/spi.o
 .debug_info    0x00003da2      0x361 ./Core/Src/stm32f1xx_hal_msp.o
 .debug_info    0x00004103      0x9a8 ./Core/Src/stm32f1xx_hal_timebase_tim.o
 .debug_info    0x00004aab      0x935 ./Core/Src/stm32f1xx_it.o
 .debug_info    0x000053e0      0x222 ./Core/Src/system_stm32f1xx.o
 .debug_info    0x00005602      0xcb8 ./Core/Src/tim.o
 .debug_info    0x000062ba      0x9be ./Core/Src/usart.o
 .debug_info    0x00006c78       0x30 ./Core/Startup/startup_stm32f103c8tx.o
 .debug_info    0x00006ca8      0x704 ./Drivers/STM32F1xx_HAL_Driver/Src/stm32f1xx_hal.o
 .debug_info    0x000073ac      0xc50 ./Drivers/STM32F1xx_HAL_Driver/Src/stm32f1xx_hal_adc.o
 .debug_info    0x00007ffc      0xa87 ./Drivers/STM32F1xx_HAL_Driver/Src/stm32f1xx_hal_cortex.o
 .debug_info    0x00008a83      0x6d2 ./Drivers/STM32F1xx_HAL_Driver/Src/stm32f1xx_hal_dma.o
 .debug_info    0x00009155      0x5ab ./Drivers/STM32F1xx_HAL_Driver/Src/stm32f1xx_hal_gpio.o
 .debug_info    0x00009700      0x7d5 ./Drivers/STM32F1xx_HAL_Driver/Src/stm32f1xx_hal_rcc.o
 .debug_info    0x00009ed5      0x3c0 ./Drivers/STM32F1xx_HAL_Driver/Src/stm32f1xx_hal_rcc_ex.o
 .debug_info    0x0000a295     0x142d ./Drivers/STM32F1xx_HAL_Driver/Src/stm32f1xx_hal_spi.o
 .debug_info    0x0000b6c2     0x2959 ./Drivers/STM32F1xx_HAL_Driver/Src/stm32f1xx_hal_tim.o
 .debug_info    0x0000e01b     0x149b ./Drivers/STM32F1xx_HAL_Driver/Src/stm32f1xx_hal_tim_ex.o
 .debug_info    0x0000f4b6     0x2eed ./Drivers/STM32F1xx_HAL_Driver/Src/stm32f1xx_hal_uart.o
 .debug_info    0x000123a3     0x402c ./Middlewares/Third_Party/FreeRTOS/Source/CMSIS_RTOS_V2/cmsis_os2.o
 .debug_info    0x000163cf      0x2af ./Middlewares/Third_Party/FreeRTOS/Source/list.o
 .debug_info    0x0001667e     0x1b79 ./Middlewares/Third_Party/FreeRTOS/Source/queue.o
 .debug_info    0x000181f7     0x28c1 ./Middlewares/Third_Party/FreeRTOS/Source/tasks.o
 .debug_info    0x0001aab8     0x1b50 ./Middlewares/Third_Party/FreeRTOS/Source/timers.o
 .debug_info    0x0001c608      0x494 ./Middlewares/Third_Party/FreeRTOS/Source/portable/GCC/ARM_CM3/port.o
 .debug_info    0x0001ca9c      0x4d5 ./Middlewares/Third_Party/FreeRTOS/Source/portable/MemMang/heap_4.o

.debug_abbrev   0x00000000     0x46ba
 .debug_abbrev  0x00000000      0x1e1 ./Core/Src/adc.o
 .debug_abbrev  0x000001e1      0x12c ./Core/Src/freertos.o
 .debug_abbrev  0x0000030d      0x161 ./Core/Src/gpio.o
 .debug_abbrev  0x0000046e      0x34a ./Core/Src/main.o
 .debug_abbrev  0x000007b8      0x2f3 ./Core/Src/nrf24l01p.o
 .debug_abbrev  0x00000aab      0x1e7 ./Core/Src/spi.o
 .debug_abbrev  0x00000c92      0x11c ./Core/Src/stm32f1xx_hal_msp.o
 .debug_abbrev  0x00000dae      0x1f3 ./Core/Src/stm32f1xx_hal_timebase_tim.o
 .debug_abbrev  0x00000fa1      0x19d ./Core/Src/stm32f1xx_it.o
 .debug_abbrev  0x0000113e      0x13f ./Core/Src/system_stm32f1xx.o
 .debug_abbrev  0x0000127d      0x29c ./Core/Src/tim.o
 .debug_abbrev  0x00001519      0x216 ./Core/Src/usart.o
 .debug_abbrev  0x0000172f       0x24 ./Core/Startup/startup_stm32f103c8tx.o
 .debug_abbrev  0x00001753      0x201 ./Drivers/STM32F1xx_HAL_Driver/Src/stm32f1xx_hal.o
 .debug_abbrev  0x00001954      0x225 ./Drivers/STM32F1xx_HAL_Driver/Src/stm32f1xx_hal_adc.o
 .debug_abbrev  0x00001b79      0x2f8 ./Drivers/STM32F1xx_HAL_Driver/Src/stm32f1xx_hal_cortex.o
 .debug_abbrev  0x00001e71      0x20b ./Drivers/STM32F1xx_HAL_Driver/Src/stm32f1xx_hal_dma.o
 .debug_abbrev  0x0000207c      0x1ca ./Drivers/STM32F1xx_HAL_Driver/Src/stm32f1xx_hal_gpio.o
 .debug_abbrev  0x00002246      0x2b3 ./Drivers/STM32F1xx_HAL_Driver/Src/stm32f1xx_hal_rcc.o
 .debug_abbrev  0x000024f9      0x188 ./Drivers/STM32F1xx_HAL_Driver/Src/stm32f1xx_hal_rcc_ex.o
 .debug_abbrev  0x00002681      0x27a ./Drivers/STM32F1xx_HAL_Driver/Src/stm32f1xx_hal_spi.o
 .debug_abbrev  0x000028fb      0x277 ./Drivers/STM32F1xx_HAL_Driver/Src/stm32f1xx_hal_tim.o
 .debug_abbrev  0x00002b72      0x282 ./Drivers/STM32F1xx_HAL_Driver/Src/stm32f1xx_hal_tim_ex.o
 .debug_abbrev  0x00002df4      0x2f8 ./Drivers/STM32F1xx_HAL_Driver/Src/stm32f1xx_hal_uart.o
 .debug_abbrev  0x000030ec      0x548 ./Middlewares/Third_Party/FreeRTOS/Source/CMSIS_RTOS_V2/cmsis_os2.o
 .debug_abbrev  0x00003634       0xf5 ./Middlewares/Third_Party/FreeRTOS/Source/list.o
 .debug_abbrev  0x00003729      0x3b6 ./Middlewares/Third_Party/FreeRTOS/Source/queue.o
 .debug_abbrev  0x00003adf      0x3fe ./Middlewares/Third_Party/FreeRTOS/Source/tasks.o
 .debug_abbrev  0x00003edd      0x368 ./Middlewares/Third_Party/FreeRTOS/Source/timers.o
 .debug_abbrev  0x00004245      0x258 ./Middlewares/Third_Party/FreeRTOS/Source/portable/GCC/ARM_CM3/port.o
 .debug_abbrev  0x0000449d      0x21d ./Middlewares/Third_Party/FreeRTOS/Source/portable/MemMang/heap_4.o

.debug_aranges  0x00000000     0x1980
 .debug_aranges
                0x00000000       0x30 ./Core/Src/adc.o
 .debug_aranges
                0x00000030       0x28 ./Core/Src/freertos.o
 .debug_aranges
                0x00000058       0x20 ./Core/Src/gpio.o
 .debug_aranges
                0x00000078       0xa8 ./Core/Src/main.o
 .debug_aranges
                0x00000120      0x120 ./Core/Src/nrf24l01p.o
 .debug_aranges
                0x00000240       0x30 ./Core/Src/spi.o
 .debug_aranges
                0x00000270       0x20 ./Core/Src/stm32f1xx_hal_msp.o
 .debug_aranges
                0x00000290       0x30 ./Core/Src/stm32f1xx_hal_timebase_tim.o
 .debug_aranges
                0x000002c0       0x60 ./Core/Src/stm32f1xx_it.o
 .debug_aranges
                0x00000320       0x28 ./Core/Src/system_stm32f1xx.o
 .debug_aranges
                0x00000348       0x58 ./Core/Src/tim.o
 .debug_aranges
                0x000003a0       0x30 ./Core/Src/usart.o
 .debug_aranges
                0x000003d0       0x28 ./Core/Startup/startup_stm32f103c8tx.o
 .debug_aranges
                0x000003f8       0xe0 ./Drivers/STM32F1xx_HAL_Driver/Src/stm32f1xx_hal.o
 .debug_aranges
                0x000004d8       0xf0 ./Drivers/STM32F1xx_HAL_Driver/Src/stm32f1xx_hal_adc.o
 .debug_aranges
                0x000005c8      0x100 ./Drivers/STM32F1xx_HAL_Driver/Src/stm32f1xx_hal_cortex.o
 .debug_aranges
                0x000006c8       0x80 ./Drivers/STM32F1xx_HAL_Driver/Src/stm32f1xx_hal_dma.o
 .debug_aranges
                0x00000748       0x58 ./Drivers/STM32F1xx_HAL_Driver/Src/stm32f1xx_hal_gpio.o
 .debug_aranges
                0x000007a0       0x90 ./Drivers/STM32F1xx_HAL_Driver/Src/stm32f1xx_hal_rcc.o
 .debug_aranges
                0x00000830       0x30 ./Drivers/STM32F1xx_HAL_Driver/Src/stm32f1xx_hal_rcc_ex.o
 .debug_aranges
                0x00000860      0x1d0 ./Drivers/STM32F1xx_HAL_Driver/Src/stm32f1xx_hal_spi.o
 .debug_aranges
                0x00000a30      0x3d0 ./Drivers/STM32F1xx_HAL_Driver/Src/stm32f1xx_hal_tim.o
 .debug_aranges
                0x00000e00      0x168 ./Drivers/STM32F1xx_HAL_Driver/Src/stm32f1xx_hal_tim_ex.o
 .debug_aranges
                0x00000f68      0x208 ./Drivers/STM32F1xx_HAL_Driver/Src/stm32f1xx_hal_uart.o
 .debug_aranges
                0x00001170      0x2b0 ./Middlewares/Third_Party/FreeRTOS/Source/CMSIS_RTOS_V2/cmsis_os2.o
 .debug_aranges
                0x00001420       0x40 ./Middlewares/Third_Party/FreeRTOS/Source/list.o
 .debug_aranges
                0x00001460      0x158 ./Middlewares/Third_Party/FreeRTOS/Source/queue.o
 .debug_aranges
                0x000015b8      0x208 ./Middlewares/Third_Party/FreeRTOS/Source/tasks.o
 .debug_aranges
                0x000017c0       0xf0 ./Middlewares/Third_Party/FreeRTOS/Source/timers.o
 .debug_aranges
                0x000018b0       0x78 ./Middlewares/Third_Party/FreeRTOS/Source/portable/GCC/ARM_CM3/port.o
 .debug_aranges
                0x00001928       0x58 ./Middlewares/Third_Party/FreeRTOS/Source/portable/MemMang/heap_4.o

.debug_rnglists
                0x00000000     0x13b4
 .debug_rnglists
                0x00000000       0x1f ./Core/Src/adc.o
 .debug_rnglists
                0x0000001f       0x19 ./Core/Src/freertos.o
 .debug_rnglists
                0x00000038       0x14 ./Core/Src/gpio.o
 .debug_rnglists
                0x0000004c       0x7f ./Core/Src/main.o
 .debug_rnglists
                0x000000cb       0xd4 ./Core/Src/nrf24l01p.o
 .debug_rnglists
                0x0000019f       0x20 ./Core/Src/spi.o
 .debug_rnglists
                0x000001bf       0x13 ./Core/Src/stm32f1xx_hal_msp.o
 .debug_rnglists
                0x000001d2       0x20 ./Core/Src/stm32f1xx_hal_timebase_tim.o
 .debug_rnglists
                0x000001f2       0x43 ./Core/Src/stm32f1xx_it.o
 .debug_rnglists
                0x00000235       0x1a ./Core/Src/system_stm32f1xx.o
 .debug_rnglists
                0x0000024f       0x42 ./Core/Src/tim.o
 .debug_rnglists
                0x00000291       0x20 ./Core/Src/usart.o
 .debug_rnglists
                0x000002b1       0x19 ./Core/Startup/startup_stm32f103c8tx.o
 .debug_rnglists
                0x000002ca       0xa3 ./Drivers/STM32F1xx_HAL_Driver/Src/stm32f1xx_hal.o
 .debug_rnglists
                0x0000036d       0xbc ./Drivers/STM32F1xx_HAL_Driver/Src/stm32f1xx_hal_adc.o
 .debug_rnglists
                0x00000429       0xbb ./Drivers/STM32F1xx_HAL_Driver/Src/stm32f1xx_hal_cortex.o
 .debug_rnglists
                0x000004e4       0x64 ./Drivers/STM32F1xx_HAL_Driver/Src/stm32f1xx_hal_dma.o
 .debug_rnglists
                0x00000548       0x3f ./Drivers/STM32F1xx_HAL_Driver/Src/stm32f1xx_hal_gpio.o
 .debug_rnglists
                0x00000587       0x6c ./Drivers/STM32F1xx_HAL_Driver/Src/stm32f1xx_hal_rcc.o
 .debug_rnglists
                0x000005f3       0x21 ./Drivers/STM32F1xx_HAL_Driver/Src/stm32f1xx_hal_rcc_ex.o
 .debug_rnglists
                0x00000614      0x16e ./Drivers/STM32F1xx_HAL_Driver/Src/stm32f1xx_hal_spi.o
 .debug_rnglists
                0x00000782      0x31a ./Drivers/STM32F1xx_HAL_Driver/Src/stm32f1xx_hal_tim.o
 .debug_rnglists
                0x00000a9c      0x125 ./Drivers/STM32F1xx_HAL_Driver/Src/stm32f1xx_hal_tim_ex.o
 .debug_rnglists
                0x00000bc1      0x1bc ./Drivers/STM32F1xx_HAL_Driver/Src/stm32f1xx_hal_uart.o
 .debug_rnglists
                0x00000d7d      0x212 ./Middlewares/Third_Party/FreeRTOS/Source/CMSIS_RTOS_V2/cmsis_os2.o
 .debug_rnglists
                0x00000f8f       0x2b ./Middlewares/Third_Party/FreeRTOS/Source/list.o
 .debug_rnglists
                0x00000fba      0x109 ./Middlewares/Third_Party/FreeRTOS/Source/queue.o
 .debug_rnglists
                0x000010c3      0x1a0 ./Middlewares/Third_Party/FreeRTOS/Source/tasks.o
 .debug_rnglists
                0x00001263       0xb8 ./Middlewares/Third_Party/FreeRTOS/Source/timers.o
 .debug_rnglists
                0x0000131b       0x57 ./Middlewares/Third_Party/FreeRTOS/Source/portable/GCC/ARM_CM3/port.o
 .debug_rnglists
                0x00001372       0x42 ./Middlewares/Third_Party/FreeRTOS/Source/portable/MemMang/heap_4.o

.debug_macro    0x00000000     0x5659
 .debug_macro   0x00000000      0x1da ./Core/Src/adc.o
 .debug_macro   0x000001da       0x8e ./Core/Src/adc.o
 .debug_macro   0x00000268       0x51 ./Core/Src/adc.o
 .debug_macro   0x000002b9      0x190 ./Core/Src/adc.o
 .debug_macro   0x00000449       0x5c ./Core/Src/adc.o
 .debug_macro   0x000004a5      0x14e ./Core/Src/adc.o
 .debug_macro   0x000005f3      0x30a ./Core/Src/freertos.o
 .debug_macro   0x000008fd      0x137 ./Core/Src/freertos.o
 .debug_macro   0x00000a34      0x15a ./Core/Src/freertos.o
 .debug_macro   0x00000b8e       0xc9 ./Core/Src/freertos.o
 .debug_macro   0x00000c57       0x1c ./Core/Src/freertos.o
 .debug_macro   0x00000c73       0x26 ./Core/Src/freertos.o
 .debug_macro   0x00000c99       0x61 ./Core/Src/freertos.o
 .debug_macro   0x00000cfa       0x10 ./Core/Src/freertos.o
 .debug_macro   0x00000d0a       0x3c ./Core/Src/freertos.o
 .debug_macro   0x00000d46      0x4d4 ./Core/Src/freertos.o
 .debug_macro   0x0000121a       0xb5 ./Core/Src/freertos.o
 .debug_macro   0x000012cf       0xaa ./Core/Src/freertos.o
 .debug_macro   0x00001379       0x6c ./Core/Src/freertos.o
 .debug_macro   0x000013e5       0x74 ./Core/Src/freertos.o
 .debug_macro   0x00001459       0xdd ./Core/Src/freertos.o
 .debug_macro   0x00001536      0x1da ./Core/Src/gpio.o
 .debug_macro   0x00001710      0x4e4 ./Core/Src/main.o
 .debug_macro   0x00001bf4      0x137 ./Core/Src/main.o
 .debug_macro   0x00001d2b       0x66 ./Core/Src/main.o
 .debug_macro   0x00001d91       0x22 ./Core/Src/main.o
 .debug_macro   0x00001db3      0x116 ./Core/Src/main.o
 .debug_macro   0x00001ec9       0x1c ./Core/Src/main.o
 .debug_macro   0x00001ee5       0x1c ./Core/Src/main.o
 .debug_macro   0x00001f01       0x16 ./Core/Src/main.o
 .debug_macro   0x00001f17       0x16 ./Core/Src/main.o
 .debug_macro   0x00001f2d       0x29 ./Core/Src/main.o
 .debug_macro   0x00001f56       0x16 ./Core/Src/main.o
 .debug_macro   0x00001f6c       0x20 ./Core/Src/main.o
 .debug_macro   0x00001f8c      0x1f2 ./Core/Src/nrf24l01p.o
 .debug_macro   0x0000217e      0x1da ./Core/Src/spi.o
 .debug_macro   0x00002358      0x1d0 ./Core/Src/stm32f1xx_hal_msp.o
 .debug_macro   0x00002528      0x1c1 ./Core/Src/stm32f1xx_hal_timebase_tim.o
 .debug_macro   0x000026e9      0x1da ./Core/Src/stm32f1xx_it.o
 .debug_macro   0x000028c3      0x1c1 ./Core/Src/system_stm32f1xx.o
 .debug_macro   0x00002a84      0x1da ./Core/Src/tim.o
 .debug_macro   0x00002c5e      0x1da ./Core/Src/usart.o
 .debug_macro   0x00002e38      0x1e5 ./Drivers/STM32F1xx_HAL_Driver/Src/stm32f1xx_hal.o
 .debug_macro   0x0000301d      0x1de ./Drivers/STM32F1xx_HAL_Driver/Src/stm32f1xx_hal_adc.o
 .debug_macro   0x000031fb      0x1c1 ./Drivers/STM32F1xx_HAL_Driver/Src/stm32f1xx_hal_cortex.o
 .debug_macro   0x000033bc      0x1c1 ./Drivers/STM32F1xx_HAL_Driver/Src/stm32f1xx_hal_dma.o
 .debug_macro   0x0000357d      0x22c ./Drivers/STM32F1xx_HAL_Driver/Src/stm32f1xx_hal_gpio.o
 .debug_macro   0x000037a9      0x1d3 ./Drivers/STM32F1xx_HAL_Driver/Src/stm32f1xx_hal_rcc.o
 .debug_macro   0x0000397c      0x1c1 ./Drivers/STM32F1xx_HAL_Driver/Src/stm32f1xx_hal_rcc_ex.o
 .debug_macro   0x00003b3d      0x1c9 ./Drivers/STM32F1xx_HAL_Driver/Src/stm32f1xx_hal_spi.o
 .debug_macro   0x00003d06      0x1c2 ./Drivers/STM32F1xx_HAL_Driver/Src/stm32f1xx_hal_tim.o
 .debug_macro   0x00003ec8      0x1c1 ./Drivers/STM32F1xx_HAL_Driver/Src/stm32f1xx_hal_tim_ex.o
 .debug_macro   0x00004089      0x1c2 ./Drivers/STM32F1xx_HAL_Driver/Src/stm32f1xx_hal_uart.o
 .debug_macro   0x0000424b      0x3cf ./Middlewares/Third_Party/FreeRTOS/Source/CMSIS_RTOS_V2/cmsis_os2.o
 .debug_macro   0x0000461a       0x10 ./Middlewares/Third_Party/FreeRTOS/Source/CMSIS_RTOS_V2/cmsis_os2.o
 .debug_macro   0x0000462a       0x10 ./Middlewares/Third_Party/FreeRTOS/Source/CMSIS_RTOS_V2/cmsis_os2.o
 .debug_macro   0x0000463a       0xb7 ./Middlewares/Third_Party/FreeRTOS/Source/CMSIS_RTOS_V2/cmsis_os2.o
 .debug_macro   0x000046f1       0x16 ./Middlewares/Third_Party/FreeRTOS/Source/CMSIS_RTOS_V2/cmsis_os2.o
 .debug_macro   0x00004707       0x91 ./Middlewares/Third_Party/FreeRTOS/Source/CMSIS_RTOS_V2/cmsis_os2.o
 .debug_macro   0x00004798       0x8d ./Middlewares/Third_Party/FreeRTOS/Source/CMSIS_RTOS_V2/cmsis_os2.o
 .debug_macro   0x00004825       0x9a ./Middlewares/Third_Party/FreeRTOS/Source/CMSIS_RTOS_V2/cmsis_os2.o
 .debug_macro   0x000048bf       0x22 ./Middlewares/Third_Party/FreeRTOS/Source/CMSIS_RTOS_V2/cmsis_os2.o
 .debug_macro   0x000048e1       0x28 ./Middlewares/Third_Party/FreeRTOS/Source/CMSIS_RTOS_V2/cmsis_os2.o
 .debug_macro   0x00004909      0x199 ./Middlewares/Third_Party/FreeRTOS/Source/list.o
 .debug_macro   0x00004aa2      0x228 ./Middlewares/Third_Party/FreeRTOS/Source/queue.o
 .debug_macro   0x00004cca       0x87 ./Middlewares/Third_Party/FreeRTOS/Source/queue.o
 .debug_macro   0x00004d51      0x291 ./Middlewares/Third_Party/FreeRTOS/Source/tasks.o
 .debug_macro   0x00004fe2       0x10 ./Middlewares/Third_Party/FreeRTOS/Source/tasks.o
 .debug_macro   0x00004ff2      0x1ee ./Middlewares/Third_Party/FreeRTOS/Source/timers.o
 .debug_macro   0x000051e0       0x97 ./Middlewares/Third_Party/FreeRTOS/Source/timers.o
 .debug_macro   0x00005277      0x222 ./Middlewares/Third_Party/FreeRTOS/Source/portable/GCC/ARM_CM3/port.o
 .debug_macro   0x00005499      0x1c0 ./Middlewares/Third_Party/FreeRTOS/Source/portable/MemMang/heap_4.o

.debug_line     0x00000000    0x1d1bc
 .debug_line    0x00000000      0x7bc ./Core/Src/adc.o
 .debug_line    0x000007bc      0x9f1 ./Core/Src/freertos.o
 .debug_line    0x000011ad      0x786 ./Core/Src/gpio.o
 .debug_line    0x00001933      0xeaf ./Core/Src/main.o
 .debug_line    0x000027e2      0xb42 ./Core/Src/nrf24l01p.o
 .debug_line    0x00003324      0x7c0 ./Core/Src/spi.o
 .debug_line    0x00003ae4      0x746 ./Core/Src/stm32f1xx_hal_msp.o
 .debug_line    0x0000422a      0x7c3 ./Core/Src/stm32f1xx_hal_timebase_tim.o
 .debug_line    0x000049ed      0x7fd ./Core/Src/stm32f1xx_it.o
 .debug_line    0x000051ea      0x7c3 ./Core/Src/system_stm32f1xx.o
 .debug_line    0x000059ad      0x9a0 ./Core/Src/tim.o
 .debug_line    0x0000634d      0x7bc ./Core/Src/usart.o
 .debug_line    0x00006b09       0x78 ./Core/Startup/startup_stm32f103c8tx.o
 .debug_line    0x00006b81      0x9f4 ./Drivers/STM32F1xx_HAL_Driver/Src/stm32f1xx_hal.o
 .debug_line    0x00007575     0x1019 ./Drivers/STM32F1xx_HAL_Driver/Src/stm32f1xx_hal_adc.o
 .debug_line    0x0000858e      0xbbe ./Drivers/STM32F1xx_HAL_Driver/Src/stm32f1xx_hal_cortex.o
 .debug_line    0x0000914c      0xdfe ./Drivers/STM32F1xx_HAL_Driver/Src/stm32f1xx_hal_dma.o
 .debug_line    0x00009f4a      0xa51 ./Drivers/STM32F1xx_HAL_Driver/Src/stm32f1xx_hal_gpio.o
 .debug_line    0x0000a99b      0xead ./Drivers/STM32F1xx_HAL_Driver/Src/stm32f1xx_hal_rcc.o
 .debug_line    0x0000b848      0x95e ./Drivers/STM32F1xx_HAL_Driver/Src/stm32f1xx_hal_rcc_ex.o
 .debug_line    0x0000c1a6     0x1c8b ./Drivers/STM32F1xx_HAL_Driver/Src/stm32f1xx_hal_spi.o
 .debug_line    0x0000de31     0x34e2 ./Drivers/STM32F1xx_HAL_Driver/Src/stm32f1xx_hal_tim.o
 .debug_line    0x00011313     0x18b8 ./Drivers/STM32F1xx_HAL_Driver/Src/stm32f1xx_hal_tim_ex.o