../Core/Src/main.c:159:5:main	64	static
../Core/Src/main.c:249:6:SystemClock_Config	88	static
../Core/Src/main.c:292:6:ControlTask	56	static
../Core/Src/main.c:361:6:sendCommand	16	static
../Core/Src/main.c:366:6:BatteryTask	24	static
../Core/Src/main.c:381:6:ButtonTask	16	static
../Core/Src/main.c:404:6:StatusTask	16	static
../Core/Src/main.c:454:6:HAL_GPIO_EXTI_Callback	32	static
../Core/Src/main.c:469:6:HAL_UART_RxCpltCallback	24	static
../Core/Src/main.c:488:6:driveMotor	24	static
../Core/Src/main.c:508:6:SG90_SetAngle	24	static
../Core/Src/main.c:513:7:Battery_GetVoltage	16	static
../Core/Src/main.c:520:6:LED_Front	16	static
../Core/Src/main.c:524:6:LED_Brake	16	static
../Core/Src/main.c:528:6:LED_Signal	16	static
../Core/Src/main.c:532:9:Button_IsPressed	8	static
../Core/Src/main.c:545:6:HAL_TIM_PeriodElapsedCallback	16	static
../Core/Src/main.c:563:6:Error_Handler	4	static,ignoring_inline_asm
