../Core/Src/main.c:159:5:main	1
../Core/Src/main.c:249:6:SystemClock_Config	4
../Core/Src/main.c:292:6:ControlTask	4
../Core/Src/main.c:361:6:sendCommand	1
../Core/Src/main.c:366:6:BatteryTask	3
../Core/Src/main.c:381:6:ButtonTask	4
../Core/Src/main.c:404:6:StatusTask	3
../Core/Src/main.c:454:6:HAL_GPIO_EXTI_Callback	4
../Core/Src/main.c:469:6:HAL_UART_RxCpltCallback	5
../Core/Src/main.c:488:6:driveMotor	8
../Core/Src/main.c:508:6:SG90_SetAngle	1
../Core/Src/main.c:513:7:Battery_GetVoltage	1
../Core/Src/main.c:520:6:LED_Front	1
../Core/Src/main.c:524:6:LED_Brake	1
../Core/Src/main.c:528:6:LED_Signal	1
../Core/Src/main.c:532:9:Button_IsPressed	1
../Core/Src/main.c:545:6:HAL_TIM_PeriodElapsedCallback	2
../Core/Src/main.c:563:6:Error_Handler	1
