../Core/Src/main.c:149:5:main	64	static
../Core/Src/main.c:244:6:ControlTask	48	static
../Core/Src/main.c:271:6:sendCommand	16	static
../Core/Src/main.c:276:6:BatteryTask	24	static
../Core/Src/main.c:291:6:ButtonTask	16	static
../Core/Src/main.c:314:6:StatusTask	16	static
../Core/Src/main.c:363:6:HAL_GPIO_EXTI_Callback	32	static
../Core/Src/main.c:380:6:HAL_UART_RxCpltCallback	24	static
../Core/Src/main.c:393:6:driveMotor	24	static
../Core/Src/main.c:414:6:SG90_SetAngle	24	static
../Core/Src/main.c:420:7:Battery_GetVoltage	16	static
../Core/Src/main.c:427:6:LED_Front	16	static
../Core/Src/main.c:431:6:LED_Brake	16	static
../Core/Src/main.c:435:6:LED_Signal	16	static
../Core/Src/main.c:439:9:Button_IsPressed	8	static
../Core/Src/main.c:447:6:SystemClock_Config	88	static
../Core/Src/main.c:492:6:HAL_TIM_PeriodElapsedCallback	16	static
../Core/Src/main.c:504:6:Error_Handler	4	static,ignoring_inline_asm
