../Core/Src/main.c:149:5:main	1
../Core/Src/main.c:244:6:ControlTask	2
../Core/Src/main.c:271:6:sendCommand	1
../Core/Src/main.c:276:6:BatteryTask	3
../Core/Src/main.c:291:6:ButtonTask	4
../Core/Src/main.c:314:6:StatusTask	3
../Core/Src/main.c:363:6:HAL_GPIO_EXTI_Callback	4
../Core/Src/main.c:380:6:HAL_UART_RxCpltCallback	4
../Core/Src/main.c:393:6:driveMotor	8
../Core/Src/main.c:414:6:SG90_SetAngle	1
../Core/Src/main.c:420:7:Battery_GetVoltage	1
../Core/Src/main.c:427:6:LED_Front	1
../Core/Src/main.c:431:6:LED_Brake	1
../Core/Src/main.c:435:6:LED_Signal	1
../Core/Src/main.c:439:9:Button_IsPressed	1
../Core/Src/main.c:447:6:SystemClock_Config	4
../Core/Src/main.c:492:6:HAL_TIM_PeriodElapsedCallback	2
../Core/Src/main.c:504:6:Error_Handler	1
