../Core/Src/NRF24.c:14:6:csn_high	8	static
../Core/Src/NRF24.c:18:6:csn_low	8	static
../Core/Src/NRF24.c:22:6:nrf24_w_reg	24	static
../Core/Src/NRF24.c:31:9:nrf24_r_reg	24	static
../Core/Src/NRF24.c:43:6:nrf24_w_spec_cmd	16	static
../Core/Src/NRF24.c:47:6:nrf24_w_spec_reg	16	static
../Core/Src/NRF24.c:51:6:nrf24_r_spec_reg	16	static
../Core/Src/NRF24.c:55:6:nrf24_pwr_up	16	static
../Core/Src/NRF24.c:62:6:nrf24_pwr_dwn	16	static
../Core/Src/NRF24.c:69:6:nrf24_tx_pwr	24	static
../Core/Src/NRF24.c:77:6:nrf24_data_rate	24	static
../Core/Src/NRF24.c:89:6:nrf24_set_channel	16	static
../Core/Src/NRF24.c:93:6:nrf24_open_tx_pipe	16	static
../Core/Src/NRF24.c:97:6:nrf24_pipe_pld_size	16	static
../Core/Src/NRF24.c:123:6:nrf24_open_rx_pipe	24	static
../Core/Src/NRF24.c:155:6:nrf24_cls_rx_pipe	24	static
../Core/Src/NRF24.c:161:6:nrf24_set_crc	24	static
../Core/Src/NRF24.c:168:6:nrf24_set_addr_width	16	static
../Core/Src/NRF24.c:173:6:nrf24_flush_tx	8	static
../Core/Src/NRF24.c:179:6:nrf24_flush_rx	8	static
../Core/Src/NRF24.c:185:9:nrf24_r_status	24	static
../Core/Src/NRF24.c:194:6:nrf24_clear_rx_dr	16	static
../Core/Src/NRF24.c:201:6:nrf24_clear_tx_ds	16	static
../Core/Src/NRF24.c:208:6:nrf24_clear_max_rt	16	static
../Core/Src/NRF24.c:215:9:nrf24_read_bit	16	static
../Core/Src/NRF24.c:222:6:nrf24_set_bit	24	static
../Core/Src/NRF24.c:233:9:nrf24_r_pld_wid	16	static
../Core/Src/NRF24.c:242:6:nrf24_listen	16	static
../Core/Src/NRF24.c:249:6:nrf24_stop_listen	16	static
../Core/Src/NRF24.c:256:6:nrf24_dpl	24	static
../Core/Src/NRF24.c:266:6:nrf24_set_rx_dpl	24	static
../Core/Src/NRF24.c:279:6:nrf24_auto_ack	24	static
../Core/Src/NRF24.c:292:6:nrf24_auto_ack_all	24	static
../Core/Src/NRF24.c:302:6:nrf24_en_ack_pld	24	static
../Core/Src/NRF24.c:312:6:nrf24_en_dyn_ack	24	static
../Core/Src/NRF24.c:322:6:nrf24_auto_retr_delay	24	static
../Core/Src/NRF24.c:329:6:nrf24_auto_retr_limit	24	static
../Core/Src/NRF24.c:336:6:nrf24_type_to_uint8_t	32	static
../Core/Src/NRF24.c:342:8:nrf24_uint8_t_to_type	24	static
../Core/Src/NRF24.c:350:9:nrf24_transmit	24	static
../Core/Src/NRF24.c:365:6:nrf24_transmit_no_ack	24	static
../Core/Src/NRF24.c:374:6:nrf24_transmit_rx_ack_pld	24	static
../Core/Src/NRF24.c:385:9:nrf24_carrier_detect	8	static
../Core/Src/NRF24.c:389:9:nrf24_data_available	16	static
../Core/Src/NRF24.c:397:6:nrf24_receive	24	static
../Core/Src/NRF24.c:406:6:nrf24_defaults	16	static
../Core/Src/NRF24.c:432:6:nrf24_init	8	static
